
> frontend@0.0.0 build
> ng build

[33m❯[39m Building...
[32m✔[39m Building...
Application bundle generation failed. [10.033 seconds]

[1m[31m[31mX [41;31m[[41;97mERROR[41;31m][0m [1mTS2554: Expected 1 arguments, but got 2.[0m [1m[35m[plugin angular-compiler][0m

    src/app/features/auth/login.component.ts:131:34:
[37m      131 │     this.authService.login(email, [32mpassword[37m).subscribe({
          ╵                                   [32m~~~~~~~~[0m


[31mX [41;31m[[41;97mERROR[41;31m][0m [1mTS2554: Expected 1 arguments, but got 3.[0m [1m[35m[plugin angular-compiler][0m

    src/app/features/auth/register.component.ts:212:40:
[37m      212 │     this.authService.register(username, [32memail, password[37m).subscribe({
          ╵                                         [32m~~~~~~~~~~~~~~~[0m

[39m[22m
