Build started 21.02.2026 09:55:33.
     1>Project "C:\Projects\football-prediction-pwa\backend\FootballPrediction.sln" on node 1 (Restore target(s)).
     1>ValidateSolutionConfiguration:
         Building solution configuration "Debug|Any CPU".
       _GetAllRestoreProjectPathItems:
         Determining projects to restore...
       Restore:
         X.509 certificate chain validation will use the default trust store selected by .NET for code signing.
         X.509 certificate chain validation will use the default trust store selected by .NET for timestamping.
         Assets file has not changed. Skipping assets file writing. Path: C:\Projects\football-prediction-pwa\backend\src\FootballPrediction.Domain\obj\project.assets.json
         Assets file has not changed. Skipping assets file writing. Path: C:\Projects\football-prediction-pwa\backend\src\FootballPrediction.Application\obj\project.assets.json
         Assets file has not changed. Skipping assets file writing. Path: C:\Projects\football-prediction-pwa\backend\tests\FootballPrediction.UnitTests\obj\project.assets.json
         Assets file has not changed. Skipping assets file writing. Path: C:\Projects\football-prediction-pwa\backend\tests\FootballPrediction.IntegrationTests\obj\project.assets.json
         Assets file has not changed. Skipping assets file writing. Path: C:\Projects\football-prediction-pwa\backend\src\FootballPrediction.Infrastructure\obj\project.assets.json
         Assets file has not changed. Skipping assets file writing. Path: C:\Projects\football-prediction-pwa\backend\src\FootballPrediction.Api\obj\project.assets.json
         Restored C:\Projects\football-prediction-pwa\backend\tests\FootballPrediction.IntegrationTests\FootballPrediction.IntegrationTests.csproj (in 76 ms).
         Restored C:\Projects\football-prediction-pwa\backend\src\FootballPrediction.Application\FootballPrediction.Application.csproj (in 73 ms).
         Restored C:\Projects\football-prediction-pwa\backend\tests\FootballPrediction.UnitTests\FootballPrediction.UnitTests.csproj (in 75 ms).
         Restored C:\Projects\football-prediction-pwa\backend\src\FootballPrediction.Api\FootballPrediction.Api.csproj (in 76 ms).
         Restored C:\Projects\football-prediction-pwa\backend\src\FootballPrediction.Domain\FootballPrediction.Domain.csproj (in 73 ms).
         Restored C:\Projects\football-prediction-pwa\backend\src\FootballPrediction.Infrastructure\FootballPrediction.Infrastructure.csproj (in 76 ms).
         
         NuGet Config files used:
             C:\Users\erikv\AppData\Roaming\NuGet\NuGet.Config
         
         Feeds used:
             https://api.nuget.org/v3/index.json
         All projects are up-to-date for restore.
     1>Done Building Project "C:\Projects\football-prediction-pwa\backend\FootballPrediction.sln" (Restore target(s)).
   1:2>Project "C:\Projects\football-prediction-pwa\backend\FootballPrediction.sln" on node 1 (VSTest target(s)).
     1>ValidateSolutionConfiguration:
         Building solution configuration "Debug|Any CPU".
   1:2>Project "C:\Projects\football-prediction-pwa\backend\FootballPrediction.sln" (1:2) is building "C:\Projects\football-prediction-pwa\backend\tests\FootballPrediction.UnitTests\FootballPrediction.UnitTests.csproj" (6:6) on node 3 (VSTest target(s)).
     6>BuildProject:
         Build started, please wait...
   1:2>Project "C:\Projects\football-prediction-pwa\backend\FootballPrediction.sln" (1:2) is building "C:\Projects\football-prediction-pwa\backend\tests\FootballPrediction.IntegrationTests\FootballPrediction.IntegrationTests.csproj" (7:6) on node 4 (VSTest target(s)).
     7>BuildProject:
         Build started, please wait...
   6:6>Project "C:\Projects\football-prediction-pwa\backend\tests\FootballPrediction.UnitTests\FootballPrediction.UnitTests.csproj" (6:6) is building "C:\Projects\football-prediction-pwa\backend\tests\FootballPrediction.UnitTests\FootballPrediction.UnitTests.csproj" (6:7) on node 3 (default targets).
   6:7>Project "C:\Projects\football-prediction-pwa\backend\tests\FootballPrediction.UnitTests\FootballPrediction.UnitTests.csproj" (6:7) is building "C:\Projects\football-prediction-pwa\backend\src\FootballPrediction.Domain\FootballPrediction.Domain.csproj" (3:12) on node 5 (default targets).
     3>GenerateTargetFrameworkMonikerAttribute:
       Skipping target "GenerateTargetFrameworkMonikerAttribute" because all output files are up-to-date with respect to the input files.
       CoreGenerateAssemblyInfo:
       Skipping target "CoreGenerateAssemblyInfo" because all output files are up-to-date with respect to the input files.
       _GenerateSourceLinkFile:
         Source Link file 'obj\Debug\net9.0\FootballPrediction.Domain.sourcelink.json' is up-to-date.
       CoreCompile:
       Skipping target "CoreCompile" because all output files are up-to-date with respect to the input files.
       GenerateBuildDependencyFile:
       Skipping target "GenerateBuildDependencyFile" because all output files are up-to-date with respect to the input files.
       CopyFilesToOutputDirectory:
         FootballPrediction.Domain -> C:\Projects\football-prediction-pwa\backend\src\FootballPrediction.Domain\bin\Debug\net9.0\FootballPrediction.Domain.dll
     3>Done Building Project "C:\Projects\football-prediction-pwa\backend\src\FootballPrediction.Domain\FootballPrediction.Domain.csproj" (default targets).
   6:7>Project "C:\Projects\football-prediction-pwa\backend\tests\FootballPrediction.UnitTests\FootballPrediction.UnitTests.csproj" (6:7) is building "C:\Projects\football-prediction-pwa\backend\src\FootballPrediction.Application\FootballPrediction.Application.csproj" (5:13) on node 2 (default targets).
     5>GenerateTargetFrameworkMonikerAttribute:
       Skipping target "GenerateTargetFrameworkMonikerAttribute" because all output files are up-to-date with respect to the input files.
       CoreGenerateAssemblyInfo:
       Skipping target "CoreGenerateAssemblyInfo" because all output files are up-to-date with respect to the input files.
       _GenerateSourceLinkFile:
         Source Link file 'obj\Debug\net9.0\FootballPrediction.Application.sourcelink.json' is up-to-date.
       CoreCompile:
       Skipping target "CoreCompile" because all output files are up-to-date with respect to the input files.
       GenerateBuildDependencyFile:
       Skipping target "GenerateBuildDependencyFile" because all output files are up-to-date with respect to the input files.
       CopyFilesToOutputDirectory:
         FootballPrediction.Application -> C:\Projects\football-prediction-pwa\backend\src\FootballPrediction.Application\bin\Debug\net9.0\FootballPrediction.Application.dll
     5>Done Building Project "C:\Projects\football-prediction-pwa\backend\src\FootballPrediction.Application\FootballPrediction.Application.csproj" (default targets).
   6:7>Project "C:\Projects\football-prediction-pwa\backend\tests\FootballPrediction.UnitTests\FootballPrediction.UnitTests.csproj" (6:7) is building "C:\Projects\football-prediction-pwa\backend\src\FootballPrediction.Infrastructure\FootballPrediction.Infrastructure.csproj" (4:12) on node 6 (default targets).
     4>GenerateTargetFrameworkMonikerAttribute:
       Skipping target "GenerateTargetFrameworkMonikerAttribute" because all output files are up-to-date with respect to the input files.
       CoreGenerateAssemblyInfo:
       Skipping target "CoreGenerateAssemblyInfo" because all output files are up-to-date with respect to the input files.
       _GenerateSourceLinkFile:
         Source Link file 'obj\Debug\net9.0\FootballPrediction.Infrastructure.sourcelink.json' is up-to-date.
       CoreCompile:
       Skipping target "CoreCompile" because all output files are up-to-date with respect to the input files.
       GenerateBuildDependencyFile:
       Skipping target "GenerateBuildDependencyFile" because all output files are up-to-date with respect to the input files.
       GenerateBuildRuntimeConfigurationFiles:
       Skipping target "GenerateBuildRuntimeConfigurationFiles" because all output files are up-to-date with respect to the input files.
       CopyFilesToOutputDirectory:
         FootballPrediction.Infrastructure -> C:\Projects\football-prediction-pwa\backend\src\FootballPrediction.Infrastructure\bin\Debug\net9.0\FootballPrediction.Infrastructure.dll
     4>Done Building Project "C:\Projects\football-prediction-pwa\backend\src\FootballPrediction.Infrastructure\FootballPrediction.Infrastructure.csproj" (default targets).
     6>GenerateTargetFrameworkMonikerAttribute:
       Skipping target "GenerateTargetFrameworkMonikerAttribute" because all output files are up-to-date with respect to the input files.
   7:6>Project "C:\Projects\football-prediction-pwa\backend\tests\FootballPrediction.IntegrationTests\FootballPrediction.IntegrationTests.csproj" (7:6) is building "C:\Projects\football-prediction-pwa\backend\tests\FootballPrediction.IntegrationTests\FootballPrediction.IntegrationTests.csproj" (7:7) on node 4 (default targets).
   7:7>Project "C:\Projects\football-prediction-pwa\backend\tests\FootballPrediction.IntegrationTests\FootballPrediction.IntegrationTests.csproj" (7:7) is building "C:\Projects\football-prediction-pwa\backend\src\FootballPrediction.Api\FootballPrediction.Api.csproj" (2:9) on node 1 (default targets).
     2>GenerateTargetFrameworkMonikerAttribute:
       Skipping target "GenerateTargetFrameworkMonikerAttribute" because all output files are up-to-date with respect to the input files.
     6>CoreGenerateAssemblyInfo:
       Skipping target "CoreGenerateAssemblyInfo" because all output files are up-to-date with respect to the input files.
       _GenerateSourceLinkFile:
         Source Link file 'obj\Debug\net9.0\FootballPrediction.UnitTests.sourcelink.json' is up-to-date.
     2>CoreGenerateAssemblyInfo:
       Skipping target "CoreGenerateAssemblyInfo" because all output files are up-to-date with respect to the input files.
       _DiscoverMvcApplicationParts:
       Skipping target "_DiscoverMvcApplicationParts" because all output files are up-to-date with respect to the input files.
     6>CoreCompile:
       Skipping target "CoreCompile" because all output files are up-to-date with respect to the input files.
       _CopyOutOfDateSourceItemsToOutputDirectory:
       Skipping target "_CopyOutOfDateSourceItemsToOutputDirectory" because all output files are up-to-date with respect to the input files.
     2>_GenerateSourceLinkFile:
         Source Link file 'obj\Debug\net9.0\FootballPrediction.Api.sourcelink.json' is up-to-date.
     6>GenerateBuildDependencyFile:
       Skipping target "GenerateBuildDependencyFile" because all output files are up-to-date with respect to the input files.
       GenerateBuildRuntimeConfigurationFiles:
       Skipping target "GenerateBuildRuntimeConfigurationFiles" because all output files are up-to-date with respect to the input files.
     2>CoreCompile:
       Skipping target "CoreCompile" because all output files are up-to-date with respect to the input files.
       _CreateAppHost:
       Skipping target "_CreateAppHost" because all output files are up-to-date with respect to the input files.
     6>CopyFilesToOutputDirectory:
         FootballPrediction.UnitTests -> C:\Projects\football-prediction-pwa\backend\tests\FootballPrediction.UnitTests\bin\Debug\net9.0\FootballPrediction.UnitTests.dll
     2>_ProcessScopedCssFiles:
       Skipping target "_ProcessScopedCssFiles" because it has no outputs.
     6>Done Building Project "C:\Projects\football-prediction-pwa\backend\tests\FootballPrediction.UnitTests\FootballPrediction.UnitTests.csproj" (default targets).
     6>BuildProject:
         Build completed.
         
     2>_ProcessScopedCssFiles:
       Skipping target "_ProcessScopedCssFiles" because it has no outputs.
Test run for C:\Projects\football-prediction-pwa\backend\tests\FootballPrediction.UnitTests\bin\Debug\net9.0\FootballPrediction.UnitTests.dll (.NETCoreApp,Version=v9.0)
       _BuildCopyStaticWebAssetsPreserveNewest:
       Skipping target "_BuildCopyStaticWebAssetsPreserveNewest" because it has no outputs.
       _CopyFilesMarkedCopyLocal:
         Copying file from "C:\Projects\football-prediction-pwa\backend\src\FootballPrediction.Application\bin\Debug\net9.0\FootballPrediction.Application.dll" to "C:\Projects\football-prediction-pwa\backend\src\FootballPrediction.Api\bin\Debug\net9.0\FootballPrediction.Application.dll".
         Copying file from "C:\Projects\football-prediction-pwa\backend\src\FootballPrediction.Domain\bin\Debug\net9.0\FootballPrediction.Domain.dll" to "C:\Projects\football-prediction-pwa\backend\src\FootballPrediction.Api\bin\Debug\net9.0\FootballPrediction.Domain.dll".
         Copying file from "C:\Projects\football-prediction-pwa\backend\src\FootballPrediction.Infrastructure\bin\Debug\net9.0\FootballPrediction.Infrastructure.dll" to "C:\Projects\football-prediction-pwa\backend\src\FootballPrediction.Api\bin\Debug\net9.0\FootballPrediction.Infrastructure.dll".
         Touching "C:\Projects\football-prediction-pwa\backend\src\FootballPrediction.Api\obj\Debug\net9.0\Football.E8218C3F.Up2Date".
       _CopyOutOfDateSourceItemsToOutputDirectory:
       Building target "_CopyOutOfDateSourceItemsToOutputDirectory" partially, because some output files are out of date with respect to their input files.
         Copying file from "C:\Projects\football-prediction-pwa\backend\src\FootballPrediction.Api\obj\Debug\net9.0\apphost.exe" to "C:\Projects\football-prediction-pwa\backend\src\FootballPrediction.Api\bin\Debug\net9.0\FootballPrediction.Api.exe".
       GenerateBuildDependencyFile:
       Skipping target "GenerateBuildDependencyFile" because all output files are up-to-date with respect to the input files.
       GenerateBuildRuntimeConfigurationFiles:
       Skipping target "GenerateBuildRuntimeConfigurationFiles" because all output files are up-to-date with respect to the input files.
       CopyFilesToOutputDirectory:
         Copying file from "C:\Projects\football-prediction-pwa\backend\src\FootballPrediction.Api\obj\Debug\net9.0\FootballPrediction.Api.dll" to "C:\Projects\football-prediction-pwa\backend\src\FootballPrediction.Api\bin\Debug\net9.0\FootballPrediction.Api.dll".
         Copying reference assembly from "obj\Debug\net9.0\refint\FootballPrediction.Api.dll" to "C:\Projects\football-prediction-pwa\backend\src\FootballPrediction.Api\obj\Debug\net9.0\ref\FootballPrediction.Api.dll".
         FootballPrediction.Api -> C:\Projects\football-prediction-pwa\backend\src\FootballPrediction.Api\bin\Debug\net9.0\FootballPrediction.Api.dll
         Copying file from "C:\Projects\football-prediction-pwa\backend\src\FootballPrediction.Api\obj\Debug\net9.0\FootballPrediction.Api.pdb" to "C:\Projects\football-prediction-pwa\backend\src\FootballPrediction.Api\bin\Debug\net9.0\FootballPrediction.Api.pdb".
VSTest version 18.0.1 (x64)

     2>Done Building Project "C:\Projects\football-prediction-pwa\backend\src\FootballPrediction.Api\FootballPrediction.Api.csproj" (default targets).
Starting test execution, please wait...
A total of 1 test files matched the specified pattern.
     7>GenerateTargetFrameworkMonikerAttribute:
       Skipping target "GenerateTargetFrameworkMonikerAttribute" because all output files are up-to-date with respect to the input files.
       _GenerateSourceLinkFile:
         Updating Source Link file 'obj\Debug\net9.0\FootballPrediction.IntegrationTests.sourcelink.json'.
       CoreCompile:
         Setting DOTNET_ROOT to 'C:\Program Files\dotnet'
         C:\Program Files\dotnet\sdk\10.0.100\Roslyn\bincore\csc.exe /noconfig /unsafe- /checked- /nowarn:1701,1702,1701,1702 /fullpaths /nostdlib+ /errorreport:prompt /warn:9 /define:TRACE;DEBUG;NET;NET9_0;NETCOREAPP;NET5_0_OR_GREATER;NET6_0_OR_GREATER;NET7_0_OR_GREATER;NET8_0_OR_GREATER;NET9_0_OR_GREATER;NETCOREAPP1_0_OR_GREATER;NETCOREAPP1_1_OR_GREATER;NETCOREAPP2_0_OR_GREATER;NETCOREAPP2_1_OR_GREATER;NETCOREAPP2_2_OR_GREATER;NETCOREAPP3_0_OR_GREATER;NETCOREAPP3_1_OR_GREATER /highentropyva+ /nullable:enable /reference:C:\Users\erikv\.nuget\packages\bcrypt.net-next\4.0.3\lib\net6.0\BCrypt.Net-Next.dll /reference:C:\Users\erikv\.nuget\packages\fluentvalidation.aspnetcore\11.3.0\lib\net6.0\FluentValidation.AspNetCore.dll /reference:C:\Users\erikv\.nuget\packages\fluentvalidation.dependencyinjectionextensions\11.5.1\lib\netstandard2.1\FluentValidation.DependencyInjectionExtensions.dll /reference:C:\Users\erikv\.nuget\packages\fluentvalidation\11.5.1\lib\net7.0\FluentValidation.dll /reference:C:\Projects\football-prediction-pwa\backend\src\FootballPrediction.Api\obj\Debug\net9.0\ref\FootballPrediction.Api.dll /reference:C:\Projects\football-prediction-pwa\backend\src\FootballPrediction.Application\obj\Debug\net9.0\ref\FootballPrediction.Application.dll /reference:C:\Projects\football-prediction-pwa\backend\src\FootballPrediction.Domain\obj\Debug\net9.0\ref\FootballPrediction.Domain.dll /reference:C:\Projects\football-prediction-pwa\backend\src\FootballPrediction.Infrastructure\obj\Debug\net9.0\ref\FootballPrediction.Infrastructure.dll /reference:C:\Users\erikv\.nuget\packages\microsoft.aspnetcore.app.ref\9.0.11\ref\net9.0\Microsoft.AspNetCore.Antiforgery.dll /reference:C:\Users\erikv\.nuget\packages\microsoft.aspnetcore.app.ref\9.0.11\ref\net9.0\Microsoft.AspNetCore.Authentication.Abstractions.dll /reference:C:\Users\erikv\.nuget\packages\microsoft.aspnetcore.app.ref\9.0.11\ref\net9.0\Microsoft.AspNetCore.Authentication.BearerToken.dll /reference:C:\Users\erikv\.nuget\packages\microsoft.aspnetcore.app.ref\9.0.11\ref\net9.0\Microsoft.AspNetCore.Authentication.Cookies.dll /reference:C:\Users\erikv\.nuget\packages\microsoft.aspnetcore.app.ref\9.0.11\ref\net9.0\Microsoft.AspNetCore.Authentication.Core.dll /reference:C:\Users\erikv\.nuget\packages\microsoft.aspnetcore.app.ref\9.0.11\ref\net9.0\Microsoft.AspNetCore.Authentication.dll /reference:C:\Users\erikv\.nuget\packages\microsoft.aspnetcore.authentication.jwtbearer\9.0.0\lib\net9.0\Microsoft.AspNetCore.Authentication.JwtBearer.dll /reference:C:\Users\erikv\.nuget\packages\microsoft.aspnetcore.app.ref\9.0.11\ref\net9.0\Microsoft.AspNetCore.Authentication.OAuth.dll /reference:C:\Users\erikv\.nuget\packages\microsoft.aspnetcore.app.ref\9.0.11\ref\net9.0\Microsoft.AspNetCore.Authorization.dll /reference:C:\Users\erikv\.nuget\packages\microsoft.aspnetcore.app.ref\9.0.11\ref\net9.0\Microsoft.AspNetCore.Authorization.Policy.dll /reference:C:\Users\erikv\.nuget\packages\microsoft.aspnetcore.app.ref\9.0.11\ref\net9.0\Microsoft.AspNetCore.Components.Authorization.dll /reference:C:\Users\erikv\.nuget\packages\microsoft.aspnetcore.app.ref\9.0.11\ref\net9.0\Microsoft.AspNetCore.Components.dll /reference:C:\Users\erikv\.nuget\packages\microsoft.aspnetcore.app.ref\9.0.11\ref\net9.0\Microsoft.AspNetCore.Components.Endpoints.dll /reference:C:\Users\erikv\.nuget\packages\microsoft.aspnetcore.app.ref\9.0.11\ref\net9.0\Microsoft.AspNetCore.Components.Forms.dll /reference:C:\Users\erikv\.nuget\packages\microsoft.aspnetcore.app.ref\9.0.11\ref\net9.0\Microsoft.AspNetCore.Components.Server.dll /reference:C:\Users\erikv\.nuget\packages\microsoft.aspnetcore.app.ref\9.0.11\ref\net9.0\Microsoft.AspNetCore.Components.Web.dll /reference:C:\Users\erikv\.nuget\packages\microsoft.aspnetcore.app.ref\9.0.11\ref\net9.0\Microsoft.AspNetCore.Connections.Abstractions.dll /reference:C:\Users\erikv\.nuget\packages\microsoft.aspnetcore.app.ref\9.0.11\ref\net9.0\Microsoft.AspNetCore.CookiePolicy.dll /reference:C:\Users\erikv\.nuget\packages\microsoft.aspnetcore.app.ref\9.0.11\ref\net9.0\Microsoft.AspNetCore.Cors.dll /reference:C:\Users\erikv\.nuget\packages\microsoft.aspnetcore.app.ref\9.0.11\ref\net9.0\Microsoft.AspNetCore.Cryptography.Internal.dll /reference:C:\Users\erikv\.nuget\packages\microsoft.aspnetcore.app.ref\9.0.11\ref\net9.0\Microsoft.AspNetCore.Cryptography.KeyDerivation.dll /reference:C:\Users\erikv\.nuget\packages\microsoft.aspnetcore.app.ref\9.0.11\ref\net9.0\Microsoft.AspNetCore.DataProtection.Abstractions.dll /reference:C:\Users\erikv\.nuget\packages\microsoft.aspnetcore.app.ref\9.0.11\ref\net9.0\Microsoft.AspNetCore.DataProtection.dll /reference:C:\Users\erikv\.nuget\packages\microsoft.aspnetcore.app.ref\9.0.11\ref\net9.0\Microsoft.AspNetCore.DataProtection.Extensions.dll /reference:C:\Users\erikv\.nuget\packages\microsoft.aspnetcore.app.ref\9.0.11\ref\net9.0\Microsoft.AspNetCore.Diagnostics.Abstractions.dll /reference:C:\Users\erikv\.nuget\packages\microsoft.aspnetcore.app.ref\9.0.11\ref\net9.0\Microsoft.AspNetCore.Diagnostics.dll /reference:C:\Users\erikv\.nuget\packages\microsoft.aspnetcore.app.ref\9.0.11\ref\net9.0\Microsoft.AspNetCore.Diagnostics.HealthChecks.dll /reference:C:\Users\erikv\.nuget\packages\microsoft.aspnetcore.app.ref\9.0.11\ref\net9.0\Microsoft.AspNetCore.dll /reference:C:\Users\erikv\.nuget\packages\microsoft.aspnetcore.app.ref\9.0.11\ref\net9.0\Microsoft.AspNetCore.HostFiltering.dll /reference:C:\Users\erikv\.nuget\packages\microsoft.aspnetcore.app.ref\9.0.11\ref\net9.0\Microsoft.AspNetCore.Hosting.Abstractions.dll /reference:C:\Users\erikv\.nuget\packages\microsoft.aspnetcore.app.ref\9.0.11\ref\net9.0\Microsoft.AspNetCore.Hosting.dll /reference:C:\Users\erikv\.nuget\packages\microsoft.aspnetcore.app.ref\9.0.11\ref\net9.0\Microsoft.AspNetCore.Hosting.Server.Abstractions.dll /reference:C:\Users\erikv\.nuget\packages\microsoft.aspnetcore.app.ref\9.0.11\ref\net9.0\Microsoft.AspNetCore.Html.Abstractions.dll /reference:C:\Users\erikv\.nuget\packages\microsoft.aspnetcore.app.ref\9.0.11\ref\net9.0\Microsoft.AspNetCore.Http.Abstractions.dll /reference:C:\Users\erikv\.nuget\packages\microsoft.aspnetcore.app.ref\9.0.11\ref\net9.0\Microsoft.AspNetCore.Http.Connections.Common.dll /reference:C:\Users\erikv\.nuget\packages\microsoft.aspnetcore.app.ref\9.0.11\ref\net9.0\Microsoft.AspNetCore.Http.Connections.dll /reference:C:\Users\erikv\.nuget\packages\microsoft.aspnetcore.app.ref\9.0.11\ref\net9.0\Microsoft.AspNetCore.Http.dll /reference:C:\Users\erikv\.nuget\packages\microsoft.aspnetcore.app.ref\9.0.11\ref\net9.0\Microsoft.AspNetCore.Http.Extensions.dll /reference:C:\Users\erikv\.nuget\packages\microsoft.aspnetcore.app.ref\9.0.11\ref\net9.0\Microsoft.AspNetCore.Http.Features.dll /reference:C:\Users\erikv\.nuget\packages\microsoft.aspnetcore.app.ref\9.0.11\ref\net9.0\Microsoft.AspNetCore.Http.Results.dll /reference:C:\Users\erikv\.nuget\packages\microsoft.aspnetcore.app.ref\9.0.11\ref\net9.0\Microsoft.AspNetCore.HttpLogging.dll /reference:C:\Users\erikv\.nuget\packages\microsoft.aspnetcore.app.ref\9.0.11\ref\net9.0\Microsoft.AspNetCore.HttpOverrides.dll /reference:C:\Users\erikv\.nuget\packages\microsoft.aspnetcore.app.ref\9.0.11\ref\net9.0\Microsoft.AspNetCore.HttpsPolicy.dll /reference:C:\Users\erikv\.nuget\packages\microsoft.aspnetcore.app.ref\9.0.11\ref\net9.0\Microsoft.AspNetCore.Identity.dll /reference:C:\Users\erikv\.nuget\packages\microsoft.aspnetcore.app.ref\9.0.11\ref\net9.0\Microsoft.AspNetCore.Localization.dll /reference:C:\Users\erikv\.nuget\packages\microsoft.aspnetcore.app.ref\9.0.11\ref\net9.0\Microsoft.AspNetCore.Localization.Routing.dll /reference:C:\Users\erikv\.nuget\packages\microsoft.aspnetcore.app.ref\9.0.11\ref\net9.0\Microsoft.AspNetCore.Metadata.dll /reference:C:\Users\erikv\.nuget\packages\microsoft.aspnetcore.app.ref\9.0.11\ref\net9.0\Microsoft.AspNetCore.Mvc.Abstractions.dll /reference:C:\Users\erikv\.nuget\packages\microsoft.aspnetcore.app.ref\9.0.11\ref\net9.0\Microsoft.AspNetCore.Mvc.ApiExplorer.dll /reference:C:\Users\erikv\.nuget\packages\microsoft.aspnetcore.app.ref\9.0.11\ref\net9.0\Microsoft.AspNetCore.Mvc.Core.dll /reference:C:\Users\erikv\.nuget\packages\microsoft.aspnetcore.app.ref\9.0.11\ref\net9.0\Microsoft.AspNetCore.Mvc.Cors.dll /reference:C:\Users\erikv\.nuget\packages\microsoft.aspnetcore.app.ref\9.0.11\ref\net9.0\Microsoft.AspNetCore.Mvc.DataAnnotations.dll /reference:C:\Users\erikv\.nuget\packages\microsoft.aspnetcore.app.ref\9.0.11\ref\net9.0\Microsoft.AspNetCore.Mvc.dll /reference:C:\Users\erikv\.nuget\packages\microsoft.aspnetcore.app.ref\9.0.11\ref\net9.0\Microsoft.AspNetCore.Mvc.Formatters.Json.dll /reference:C:\Users\erikv\.nuget\packages\microsoft.aspnetcore.app.ref\9.0.11\ref\net9.0\Microsoft.AspNetCore.Mvc.Formatters.Xml.dll /reference:C:\Users\erikv\.nuget\packages\microsoft.aspnetcore.app.ref\9.0.11\ref\net9.0\Microsoft.AspNetCore.Mvc.Localization.dll /reference:C:\Users\erikv\.nuget\packages\microsoft.aspnetcore.app.ref\9.0.11\ref\net9.0\Microsoft.AspNetCore.Mvc.Razor.dll /reference:C:\Users\erikv\.nuget\packages\microsoft.aspnetcore.app.ref\9.0.11\ref\net9.0\Microsoft.AspNetCore.Mvc.RazorPages.dll /reference:C:\Users\erikv\.nuget\packages\microsoft.aspnetcore.app.ref\9.0.11\ref\net9.0\Microsoft.AspNetCore.Mvc.TagHelpers.dll /reference:C:\Users\erikv\.nuget\packages\microsoft.aspnetcore.mvc.testing\9.0.0\lib\net9.0\Microsoft.AspNetCore.Mvc.Testing.dll /reference:C:\Users\erikv\.nuget\packages\microsoft.aspnetcore.app.ref\9.0.11\ref\net9.0\Microsoft.AspNetCore.Mvc.ViewFeatures.dll /reference:C:\Users\erikv\.nuget\packages\microsoft.aspnetcore.openapi\9.0.6\lib\net9.0\Microsoft.AspNetCore.OpenApi.dll /reference:C:\Users\erikv\.nuget\packages\microsoft.aspnetcore.app.ref\9.0.11\ref\net9.0\Microsoft.AspNetCore.OutputCaching.dll /reference:C:\Users\erikv\.nuget\packages\microsoft.aspnetcore.app.ref\9.0.11\ref\net9.0\Microsoft.AspNetCore.RateLimiting.dll /reference:C:\Users\erikv\.nuget\packages\microsoft.aspnetcore.app.ref\9.0.11\ref\net9.0\Microsoft.AspNetCore.Razor.dll /reference:C:\Users\erikv\.nuget\packages\microsoft.aspnetcore.app.ref\9.0.11\ref\net9.0\Microsoft.AspNetCore.Razor.Runtime.dll /reference:C:\Users\erikv\.nuget\packages\microsoft.aspnetcore.app.ref\9.0.11\ref\net9.0\Microsoft.AspNetCore.RequestDecompression.dll /reference:C:\Users\erikv\.nuget\packages\microsoft.aspnetcore.app.ref\9.0.11\ref\net9.0\Microsoft.AspNetCore.ResponseCaching.Abstractions.dll /reference:C:\Users\erikv\.nuget\packages\microsoft.aspnetcore.app.ref\9.0.11\ref\net9.0\Microsoft.AspNetCore.ResponseCaching.dll /reference:C:\Users\erikv\.nuget\packages\microsoft.aspnetcore.app.ref\9.0.11\ref\net9.0\Microsoft.AspNetCore.ResponseCompression.dll /reference:C:\Users\erikv\.nuget\packages\microsoft.aspnetcore.app.ref\9.0.11\ref\net9.0\Microsoft.AspNetCore.Rewrite.dll /reference:C:\Users\erikv\.nuget\packages\microsoft.aspnetcore.app.ref\9.0.11\ref\net9.0\Microsoft.AspNetCore.Routing.Abstractions.dll /reference:C:\Users\erikv\.nuget\packages\microsoft.aspnetcore.app.ref\9.0.11\ref\net9.0\Microsoft.AspNetCore.Routing.dll /reference:C:\Users\erikv\.nuget\packages\microsoft.aspnetcore.app.ref\9.0.11\ref\net9.0\Microsoft.AspNetCore.Server.HttpSys.dll /reference:C:\Users\erikv\.nuget\packages\microsoft.aspnetcore.app.ref\9.0.11\ref\net9.0\Microsoft.AspNetCore.Server.IIS.dll /reference:C:\Users\erikv\.nuget\packages\microsoft.aspnetcore.app.ref\9.0.11\ref\net9.0\Microsoft.AspNetCore.Server.IISIntegration.dll /reference:C:\Users\erikv\.nuget\packages\microsoft.aspnetcore.app.ref\9.0.11\ref\net9.0\Microsoft.AspNetCore.Server.Kestrel.Core.dll /reference:C:\Users\erikv\.nuget\packages\microsoft.aspnetcore.app.ref\9.0.11\ref\net9.0\Microsoft.AspNetCore.Server.Kestrel.dll /reference:C:\Users\erikv\.nuget\packages\microsoft.aspnetcore.app.ref\9.0.11\ref\net9.0\Microsoft.AspNetCore.Server.Kestrel.Transport.NamedPipes.dll /reference:C:\Users\erikv\.nuget\packages\microsoft.aspnetcore.app.ref\9.0.11\ref\net9.0\Microsoft.AspNetCore.Server.Kestrel.Transport.Quic.dll /reference:C:\Users\erikv\.nuget\packages\microsoft.aspnetcore.app.ref\9.0.11\ref\net9.0\Microsoft.AspNetCore.Server.Kestrel.Transport.Sockets.dll /reference:C:\Users\erikv\.nuget\packages\microsoft.aspnetcore.app.ref\9.0.11\ref\net9.0\Microsoft.AspNetCore.Session.dll /reference:C:\Users\erikv\.nuget\packages\microsoft.aspnetcore.app.ref\9.0.11\ref\net9.0\Microsoft.AspNetCore.SignalR.Common.dll /reference:C:\Users\erikv\.nuget\packages\microsoft.aspnetcore.app.ref\9.0.11\ref\net9.0\Microsoft.AspNetCore.SignalR.Core.dll /reference:C:\Users\erikv\.nuget\packages\microsoft.aspnetcore.app.ref\9.0.11\ref\net9.0\Microsoft.AspNetCore.SignalR.dll /reference:C:\Users\erikv\.nuget\packages\microsoft.aspnetcore.app.ref\9.0.11\ref\net9.0\Microsoft.AspNetCore.SignalR.Protocols.Json.dll /reference:C:\Users\erikv\.nuget\packages\microsoft.aspnetcore.app.ref\9.0.11\ref\net9.0\Microsoft.AspNetCore.StaticAssets.dll /reference:C:\Users\erikv\.nuget\packages\microsoft.aspnetcore.app.ref\9.0.11\ref\net9.0\Microsoft.AspNetCore.StaticFiles.dll /reference:C:\Users\erikv\.nuget\packages\microsoft.aspnetcore.testhost\9.0.0\lib\net9.0\Microsoft.AspNetCore.TestHost.dll /reference:C:\Users\erikv\.nuget\packages\microsoft.aspnetcore.app.ref\9.0.11\ref\net9.0\Microsoft.AspNetCore.WebSockets.dll /reference:C:\Users\erikv\.nuget\packages\microsoft.aspnetcore.app.ref\9.0.11\ref\net9.0\Microsoft.AspNetCore.WebUtilities.dll /reference:C:\Users\erikv\.nuget\packages\microsoft.netcore.app.ref\9.0.11\ref\net9.0\Microsoft.CSharp.dll /reference:C:\Users\erikv\.nuget\packages\microsoft.entityframeworkcore.abstractions\9.0.0\lib\net8.0\Microsoft.EntityFrameworkCore.Abstractions.dll /reference:C:\Users\erikv\.nuget\packages\microsoft.entityframeworkcore\9.0.0\lib\net8.0\Microsoft.EntityFrameworkCore.dll /reference:C:\Users\erikv\.nuget\packages\microsoft.entityframeworkcore.inmemory\9.0.0\lib\net8.0\Microsoft.EntityFrameworkCore.InMemory.dll /reference:C:\Users\erikv\.nuget\packages\microsoft.entityframeworkcore.relational\9.0.0\lib\net8.0\Microsoft.EntityFrameworkCore.Relational.dll /reference:C:\Users\erikv\.nuget\packages\microsoft.aspnetcore.app.ref\9.0.11\ref\net9.0\Microsoft.Extensions.Caching.Abstractions.dll /reference:C:\Users\erikv\.nuget\packages\microsoft.aspnetcore.app.ref\9.0.11\ref\net9.0\Microsoft.Extensions.Caching.Memory.dll /reference:C:\Users\erikv\.nuget\packages\microsoft.aspnetcore.app.ref\9.0.11\ref\net9.0\Microsoft.Extensions.Configuration.Abstractions.dll /reference:C:\Users\erikv\.nuget\packages\microsoft.aspnetcore.app.ref\9.0.11\ref\net9.0\Microsoft.Extensions.Configuration.Binder.dll /reference:C:\Users\erikv\.nuget\packages\microsoft.aspnetcore.app.ref\9.0.11\ref\net9.0\Microsoft.Extensions.Configuration.CommandLine.dll /reference:C:\Users\erikv\.nuget\packages\microsoft.aspnetcore.app.ref\9.0.11\ref\net9.0\Microsoft.Extensions.Configuration.dll /reference:C:\Users\erikv\.nuget\packages\microsoft.aspnetcore.app.ref\9.0.11\ref\net9.0\Microsoft.Extensions.Configuration.EnvironmentVariables.dll /reference:C:\Users\erikv\.nuget\packages\microsoft.aspnetcore.app.ref\9.0.11\ref\net9.0\Microsoft.Extensions.Configuration.FileExtensions.dll /reference:C:\Users\erikv\.nuget\packages\microsoft.aspnetcore.app.ref\9.0.11\ref\net9.0\Microsoft.Extensions.Configuration.Ini.dll /reference:C:\Users\erikv\.nuget\packages\microsoft.aspnetcore.app.ref\9.0.11\ref\net9.0\Microsoft.Extensions.Configuration.Json.dll /reference:C:\Users\erikv\.nuget\packages\microsoft.aspnetcore.app.ref\9.0.11\ref\net9.0\Microsoft.Extensions.Configuration.KeyPerFile.dll /reference:C:\Users\erikv\.nuget\packages\microsoft.aspnetcore.app.ref\9.0.11\ref\net9.0\Microsoft.Extensions.Configuration.UserSecrets.dll /reference:C:\Users\erikv\.nuget\packages\microsoft.aspnetcore.app.ref\9.0.11\ref\net9.0\Microsoft.Extensions.Configuration.Xml.dll /reference:C:\Users\erikv\.nuget\packages\microsoft.aspnetcore.app.ref\9.0.11\ref\net9.0\Microsoft.Extensions.DependencyInjection.Abstractions.dll /reference:C:\Users\erikv\.nuget\packages\microsoft.aspnetcore.app.ref\9.0.11\ref\net9.0\Microsoft.Extensions.DependencyInjection.dll /reference:C:\Users\erikv\.nuget\packages\microsoft.extensions.dependencymodel\9.0.0\lib\net9.0\Microsoft.Extensions.DependencyModel.dll /reference:C:\Users\erikv\.nuget\packages\microsoft.aspnetcore.app.ref\9.0.11\ref\net9.0\Microsoft.Extensions.Diagnostics.Abstractions.dll /reference:C:\Users\erikv\.nuget\packages\microsoft.aspnetcore.app.ref\9.0.11\ref\net9.0\Microsoft.Extensions.Diagnostics.dll /reference:C:\Users\erikv\.nuget\packages\microsoft.aspnetcore.app.ref\9.0.11\ref\net9.0\Microsoft.Extensions.Diagnostics.HealthChecks.Abstractions.dll /reference:C:\Users\erikv\.nuget\packages\microsoft.aspnetcore.app.ref\9.0.11\ref\net9.0\Microsoft.Extensions.Diagnostics.HealthChecks.dll /reference:C:\Users\erikv\.nuget\packages\microsoft.aspnetcore.app.ref\9.0.11\ref\net9.0\Microsoft.Extensions.Features.dll /reference:C:\Users\erikv\.nuget\packages\microsoft.aspnetcore.app.ref\9.0.11\ref\net9.0\Microsoft.Extensions.FileProviders.Abstractions.dll /reference:C:\Users\erikv\.nuget\packages\microsoft.aspnetcore.app.ref\9.0.11\ref\net9.0\Microsoft.Extensions.FileProviders.Composite.dll /reference:C:\Users\erikv\.nuget\packages\microsoft.aspnetcore.app.ref\9.0.11\ref\net9.0\Microsoft.Extensions.FileProviders.Embedded.dll /reference:C:\Users\erikv\.nuget\packages\microsoft.aspnetcore.app.ref\9.0.11\ref\net9.0\Microsoft.Extensions.FileProviders.Physical.dll /reference:C:\Users\erikv\.nuget\packages\microsoft.aspnetcore.app.ref\9.0.11\ref\net9.0\Microsoft.Extensions.FileSystemGlobbing.dll /reference:C:\Users\erikv\.nuget\packages\microsoft.aspnetcore.app.ref\9.0.11\ref\net9.0\Microsoft.Extensions.Hosting.Abstractions.dll /reference:C:\Users\erikv\.nuget\packages\microsoft.aspnetcore.app.ref\9.0.11\ref\net9.0\Microsoft.Extensions.Hosting.dll /reference:C:\Users\erikv\.nuget\packages\microsoft.aspnetcore.app.ref\9.0.11\ref\net9.0\Microsoft.Extensions.Http.dll /reference:C:\Users\erikv\.nuget\packages\microsoft.aspnetcore.app.ref\9.0.11\ref\net9.0\Microsoft.Extensions.Identity.Core.dll /reference:C:\Users\erikv\.nuget\packages\microsoft.aspnetcore.app.ref\9.0.11\ref\net9.0\Microsoft.Extensions.Identity.Stores.dll /reference:C:\Users\erikv\.nuget\packages\microsoft.aspnetcore.app.ref\9.0.11\ref\net9.0\Microsoft.Extensions.Localization.Abstractions.dll /reference:C:\Users\erikv\.nuget\packages\microsoft.aspnetcore.app.ref\9.0.11\ref\net9.0\Microsoft.Extensions.Localization.dll /reference:C:\Users\erikv\.nuget\packages\microsoft.aspnetcore.app.ref\9.0.11\ref\net9.0\Microsoft.Extensions.Logging.Abstractions.dll /reference:C:\Users\erikv\.nuget\packages\microsoft.aspnetcore.app.ref\9.0.11\ref\net9.0\Microsoft.Extensions.Logging.Configuration.dll /reference:C:\Users\erikv\.nuget\packages\microsoft.aspnetcore.app.ref\9.0.11\ref\net9.0\Microsoft.Extensions.Logging.Console.dll /reference:C:\Users\erikv\.nuget\packages\microsoft.aspnetcore.app.ref\9.0.11\ref\net9.0\Microsoft.Extensions.Logging.Debug.dll /reference:C:\Users\erikv\.nuget\packages\microsoft.aspnetcore.app.ref\9.0.11\ref\net9.0\Microsoft.Extensions.Logging.dll /reference:C:\Users\erikv\.nuget\packages\microsoft.aspnetcore.app.ref\9.0.11\ref\net9.0\Microsoft.Extensions.Logging.EventLog.dll /reference:C:\Users\erikv\.nuget\packages\microsoft.aspnetcore.app.ref\9.0.11\ref\net9.0\Microsoft.Extensions.Logging.EventSource.dll /reference:C:\Users\erikv\.nuget\packages\microsoft.aspnetcore.app.ref\9.0.11\ref\net9.0\Microsoft.Extensions.Logging.TraceSource.dll /reference:C:\Users\erikv\.nuget\packages\microsoft.aspnetcore.app.ref\9.0.11\ref\net9.0\Microsoft.Extensions.ObjectPool.dll /reference:C:\Users\erikv\.nuget\packages\microsoft.aspnetcore.app.ref\9.0.11\ref\net9.0\Microsoft.Extensions.Options.ConfigurationExtensions.dll /reference:C:\Users\erikv\.nuget\packages\microsoft.aspnetcore.app.ref\9.0.11\ref\net9.0\Microsoft.Extensions.Options.DataAnnotations.dll /reference:C:\Users\erikv\.nuget\packages\microsoft.aspnetcore.app.ref\9.0.11\ref\net9.0\Microsoft.Extensions.Options.dll /reference:C:\Users\erikv\.nuget\packages\microsoft.aspnetcore.app.ref\9.0.11\ref\net9.0\Microsoft.Extensions.Primitives.dll /reference:C:\Users\erikv\.nuget\packages\microsoft.aspnetcore.app.ref\9.0.11\ref\net9.0\Microsoft.Extensions.WebEncoders.dll /reference:C:\Users\erikv\.nuget\packages\microsoft.identitymodel.abstractions\8.2.1\lib\net9.0\Microsoft.IdentityModel.Abstractions.dll /reference:C:\Users\erikv\.nuget\packages\microsoft.identitymodel.jsonwebtokens\8.2.1\lib\net9.0\Microsoft.IdentityModel.JsonWebTokens.dll /reference:C:\Users\erikv\.nuget\packages\microsoft.identitymodel.logging\8.2.1\lib\net9.0\Microsoft.IdentityModel.Logging.dll /reference:C:\Users\erikv\.nuget\packages\microsoft.identitymodel.protocols\8.0.1\lib\net9.0\Microsoft.IdentityModel.Protocols.dll /reference:C:\Users\erikv\.nuget\packages\microsoft.identitymodel.protocols.openidconnect\8.0.1\lib\net9.0\Microsoft.IdentityModel.Protocols.OpenIdConnect.dll /reference:C:\Users\erikv\.nuget\packages\microsoft.identitymodel.tokens\8.2.1\lib\net9.0\Microsoft.IdentityModel.Tokens.dll /reference:C:\Users\erikv\.nuget\packages\microsoft.aspnetcore.app.ref\9.0.11\ref\net9.0\Microsoft.JSInterop.dll /reference:C:\Users\erikv\.nuget\packages\microsoft.aspnetcore.app.ref\9.0.11\ref\net9.0\Microsoft.Net.Http.Headers.dll /reference:C:\Users\erikv\.nuget\packages\microsoft.openapi\1.6.17\lib\netstandard2.0\Microsoft.OpenApi.dll /reference:C:\Users\erikv\.nuget\packages\microsoft.testplatform.testhost\17.12.0\lib\netcoreapp3.1\Microsoft.TestPlatform.CommunicationUtilities.dll /reference:C:\Users\erikv\.nuget\packages\microsoft.testplatform.testhost\17.12.0\lib\netcoreapp3.1\Microsoft.TestPlatform.CoreUtilities.dll /reference:C:\Users\erikv\.nuget\packages\microsoft.testplatform.testhost\17.12.0\lib\netcoreapp3.1\Microsoft.TestPlatform.CrossPlatEngine.dll /reference:C:\Users\erikv\.nuget\packages\microsoft.testplatform.testhost\17.12.0\lib\netcoreapp3.1\Microsoft.TestPlatform.PlatformAbstractions.dll /reference:C:\Users\erikv\.nuget\packages\microsoft.testplatform.testhost\17.12.0\lib\netcoreapp3.1\Microsoft.TestPlatform.Utilities.dll /reference:C:\Users\erikv\.nuget\packages\microsoft.netcore.app.ref\9.0.11\ref\net9.0\Microsoft.VisualBasic.Core.dll /reference:C:\Users\erikv\.nuget\packages\microsoft.netcore.app.ref\9.0.11\ref\net9.0\Microsoft.VisualBasic.dll /reference:C:\Users\erikv\.nuget\packages\microsoft.codecoverage\17.12.0\lib\netcoreapp3.1\Microsoft.VisualStudio.CodeCoverage.Shim.dll /reference:C:\Users\erikv\.nuget\packages\microsoft.testplatform.testhost\17.12.0\lib\netcoreapp3.1\Microsoft.VisualStudio.TestPlatform.Common.dll /reference:C:\Users\erikv\.nuget\packages\microsoft.testplatform.testhost\17.12.0\lib\netcoreapp3.1\Microsoft.VisualStudio.TestPlatform.ObjectModel.dll /reference:C:\Users\erikv\.nuget\packages\microsoft.netcore.app.ref\9.0.11\ref\net9.0\Microsoft.Win32.Primitives.dll /reference:C:\Users\erikv\.nuget\packages\microsoft.netcore.app.ref\9.0.11\ref\net9.0\Microsoft.Win32.Registry.dll /reference:C:\Users\erikv\.nuget\packages\microsoft.netcore.app.ref\9.0.11\ref\net9.0\mscorlib.dll /reference:C:\Users\erikv\.nuget\packages\microsoft.netcore.app.ref\9.0.11\ref\net9.0\netstandard.dll /reference:C:\Users\erikv\.nuget\packages\newtonsoft.json\13.0.1\lib\netstandard2.0\Newtonsoft.Json.dll /reference:C:\Users\erikv\.nuget\packages\npgsql\9.0.2\lib\net8.0\Npgsql.dll /reference:C:\Users\erikv\.nuget\packages\npgsql.entityframeworkcore.postgresql\9.0.2\lib\net8.0\Npgsql.EntityFrameworkCore.PostgreSQL.dll /reference:C:\Users\erikv\.nuget\packages\microsoft.netcore.app.ref\9.0.11\ref\net9.0\System.AppContext.dll /reference:C:\Users\erikv\.nuget\packages\microsoft.netcore.app.ref\9.0.11\ref\net9.0\System.Buffers.dll /reference:C:\Users\erikv\.nuget\packages\microsoft.netcore.app.ref\9.0.11\ref\net9.0\System.Collections.Concurrent.dll /reference:C:\Users\erikv\.nuget\packages\microsoft.netcore.app.ref\9.0.11\ref\net9.0\System.Collections.dll /reference:C:\Users\erikv\.nuget\packages\microsoft.netcore.app.ref\9.0.11\ref\net9.0\System.Collections.Immutable.dll /reference:C:\Users\erikv\.nuget\packages\microsoft.netcore.app.ref\9.0.11\ref\net9.0\System.Collections.NonGeneric.dll /reference:C:\Users\erikv\.nuget\packages\microsoft.netcore.app.ref\9.0.11\ref\net9.0\System.Collections.Specialized.dll /reference:C:\Users\erikv\.nuget\packages\microsoft.netcore.app.ref\9.0.11\ref\net9.0\System.ComponentModel.Annotations.dll /reference:C:\Users\erikv\.nuget\packages\microsoft.netcore.app.ref\9.0.11\ref\net9.0\System.ComponentModel.DataAnnotations.dll /reference:C:\Users\erikv\.nuget\packages\microsoft.netcore.app.ref\9.0.11\ref\net9.0\System.ComponentModel.dll /reference:C:\Users\erikv\.nuget\packages\microsoft.netcore.app.ref\9.0.11\ref\net9.0\System.ComponentModel.EventBasedAsync.dll /reference:C:\Users\erikv\.nuget\packages\microsoft.netcore.app.ref\9.0.11\ref\net9.0\System.ComponentModel.Primitives.dll /reference:C:\Users\erikv\.nuget\packages\microsoft.netcore.app.ref\9.0.11\ref\net9.0\System.ComponentModel.TypeConverter.dll /reference:C:\Users\erikv\.nuget\packages\microsoft.netcore.app.ref\9.0.11\ref\net9.0\System.Configuration.dll /reference:C:\Users\erikv\.nuget\packages\microsoft.netcore.app.ref\9.0.11\ref\net9.0\System.Console.dll /reference:C:\Users\erikv\.nuget\packages\microsoft.netcore.app.ref\9.0.11\ref\net9.0\System.Core.dll /reference:C:\Users\erikv\.nuget\packages\microsoft.netcore.app.ref\9.0.11\ref\net9.0\System.Data.Common.dll /reference:C:\Users\erikv\.nuget\packages\microsoft.netcore.app.ref\9.0.11\ref\net9.0\System.Data.DataSetExtensions.dll /reference:C:\Users\erikv\.nuget\packages\microsoft.netcore.app.ref\9.0.11\ref\net9.0\System.Data.dll /reference:C:\Users\erikv\.nuget\packages\microsoft.netcore.app.ref\9.0.11\ref\net9.0\System.Diagnostics.Contracts.dll /reference:C:\Users\erikv\.nuget\packages\microsoft.netcore.app.ref\9.0.11\ref\net9.0\System.Diagnostics.Debug.dll /reference:C:\Users\erikv\.nuget\packages\microsoft.netcore.app.ref\9.0.11\ref\net9.0\System.Diagnostics.DiagnosticSource.dll /reference:C:\Users\erikv\.nuget\packages\microsoft.aspnetcore.app.ref\9.0.11\ref\net9.0\System.Diagnostics.EventLog.dll /reference:C:\Users\erikv\.nuget\packages\microsoft.netcore.app.ref\9.0.11\ref\net9.0\System.Diagnostics.FileVersionInfo.dll /reference:C:\Users\erikv\.nuget\packages\microsoft.netcore.app.ref\9.0.11\ref\net9.0\System.Diagnostics.Process.dll /reference:C:\Users\erikv\.nuget\packages\microsoft.netcore.app.ref\9.0.11\ref\net9.0\System.Diagnostics.StackTrace.dll /reference:C:\Users\erikv\.nuget\packages\microsoft.netcore.app.ref\9.0.11\ref\net9.0\System.Diagnostics.TextWriterTraceListener.dll /reference:C:\Users\erikv\.nuget\packages\microsoft.netcore.app.ref\9.0.11\ref\net9.0\System.Diagnostics.Tools.dll /reference:C:\Users\erikv\.nuget\packages\microsoft.netcore.app.ref\9.0.11\ref\net9.0\System.Diagnostics.TraceSource.dll /reference:C:\Users\erikv\.nuget\packages\microsoft.netcore.app.ref\9.0.11\ref\net9.0\System.Diagnostics.Tracing.dll /reference:C:\Users\erikv\.nuget\packages\microsoft.netcore.app.ref\9.0.11\ref\net9.0\System.dll /reference:C:\Users\erikv\.nuget\packages\microsoft.netcore.app.ref\9.0.11\ref\net9.0\System.Drawing.dll /reference:C:\Users\erikv\.nuget\packages\microsoft.netcore.app.ref\9.0.11\ref\net9.0\System.Drawing.Primitives.dll /reference:C:\Users\erikv\.nuget\packages\microsoft.netcore.app.ref\9.0.11\ref\net9.0\System.Dynamic.Runtime.dll /reference:C:\Users\erikv\.nuget\packages\microsoft.netcore.app.ref\9.0.11\ref\net9.0\System.Formats.Asn1.dll /reference:C:\Users\erikv\.nuget\packages\microsoft.netcore.app.ref\9.0.11\ref\net9.0\System.Formats.Tar.dll /reference:C:\Users\erikv\.nuget\packages\microsoft.netcore.app.ref\9.0.11\ref\net9.0\System.Globalization.Calendars.dll /reference:C:\Users\erikv\.nuget\packages\microsoft.netcore.app.ref\9.0.11\ref\net9.0\System.Globalization.dll /reference:C:\Users\erikv\.nuget\packages\microsoft.netcore.app.ref\9.0.11\ref\net9.0\System.Globalization.Extensions.dll /reference:C:\Users\erikv\.nuget\packages\system.identitymodel.tokens.jwt\8.2.1\lib\net9.0\System.IdentityModel.Tokens.Jwt.dll /reference:C:\Users\erikv\.nuget\packages\microsoft.netcore.app.ref\9.0.11\ref\net9.0\System.IO.Compression.Brotli.dll /reference:C:\Users\erikv\.nuget\packages\microsoft.netcore.app.ref\9.0.11\ref\net9.0\System.IO.Compression.dll /reference:C:\Users\erikv\.nuget\packages\microsoft.netcore.app.ref\9.0.11\ref\net9.0\System.IO.Compression.FileSystem.dll /reference:C:\Users\erikv\.nuget\packages\microsoft.netcore.app.ref\9.0.11\ref\net9.0\System.IO.Compression.ZipFile.dll /reference:C:\Users\erikv\.nuget\packages\microsoft.netcore.app.ref\9.0.11\ref\net9.0\System.IO.dll /reference:C:\Users\erikv\.nuget\packages\microsoft.netcore.app.ref\9.0.11\ref\net9.0\System.IO.FileSystem.AccessControl.dll /reference:C:\Users\erikv\.nuget\packages\microsoft.netcore.app.ref\9.0.11\ref\net9.0\System.IO.FileSystem.dll /reference:C:\Users\erikv\.nuget\packages\microsoft.netcore.app.ref\9.0.11\ref\net9.0\System.IO.FileSystem.DriveInfo.dll /reference:C:\Users\erikv\.nuget\packages\microsoft.netcore.app.ref\9.0.11\ref\net9.0\System.IO.FileSystem.Primitives.dll /reference:C:\Users\erikv\.nuget\packages\microsoft.netcore.app.ref\9.0.11\ref\net9.0\System.IO.FileSystem.Watcher.dll /reference:C:\Users\erikv\.nuget\packages\microsoft.netcore.app.ref\9.0.11\ref\net9.0\System.IO.IsolatedStorage.dll /reference:C:\Users\erikv\.nuget\packages\microsoft.netcore.app.ref\9.0.11\ref\net9.0\System.IO.MemoryMappedFiles.dll /reference:C:\Users\erikv\.nuget\packages\microsoft.netcore.app.ref\9.0.11\ref\net9.0\System.IO.Pipelines.dll /reference:C:\Users\erikv\.nuget\packages\microsoft.netcore.app.ref\9.0.11\ref\net9.0\System.IO.Pipes.AccessControl.dll /reference:C:\Users\erikv\.nuget\packages\microsoft.netcore.app.ref\9.0.11\ref\net9.0\System.IO.Pipes.dll /reference:C:\Users\erikv\.nuget\packages\microsoft.netcore.app.ref\9.0.11\ref\net9.0\System.IO.UnmanagedMemoryStream.dll /reference:C:\Users\erikv\.nuget\packages\microsoft.netcore.app.ref\9.0.11\ref\net9.0\System.Linq.dll /reference:C:\Users\erikv\.nuget\packages\microsoft.netcore.app.ref\9.0.11\ref\net9.0\System.Linq.Expressions.dll /reference:C:\Users\erikv\.nuget\packages\microsoft.netcore.app.ref\9.0.11\ref\net9.0\System.Linq.Parallel.dll /reference:C:\Users\erikv\.nuget\packages\microsoft.netcore.app.ref\9.0.11\ref\net9.0\System.Linq.Queryable.dll /reference:C:\Users\erikv\.nuget\packages\microsoft.netcore.app.ref\9.0.11\ref\net9.0\System.Memory.dll /reference:C:\Users\erikv\.nuget\packages\microsoft.netcore.app.ref\9.0.11\ref\net9.0\System.Net.dll /reference:C:\Users\erikv\.nuget\packages\microsoft.netcore.app.ref\9.0.11\ref\net9.0\System.Net.Http.dll /reference:C:\Users\erikv\.nuget\packages\microsoft.netcore.app.ref\9.0.11\ref\net9.0\System.Net.Http.Json.dll /reference:C:\Users\erikv\.nuget\packages\microsoft.netcore.app.ref\9.0.11\ref\net9.0\System.Net.HttpListener.dll /reference:C:\Users\erikv\.nuget\packages\microsoft.netcore.app.ref\9.0.11\ref\net9.0\System.Net.Mail.dll /reference:C:\Users\erikv\.nuget\packages\microsoft.netcore.app.ref\9.0.11\ref\net9.0\System.Net.NameResolution.dll /reference:C:\Users\erikv\.nuget\packages\microsoft.netcore.app.ref\9.0.11\ref\net9.0\System.Net.NetworkInformation.dll /reference:C:\Users\erikv\.nuget\packages\microsoft.netcore.app.ref\9.0.11\ref\net9.0\System.Net.Ping.dll /reference:C:\Users\erikv\.nuget\packages\microsoft.netcore.app.ref\9.0.11\ref\net9.0\System.Net.Primitives.dll /reference:C:\Users\erikv\.nuget\packages\microsoft.netcore.app.ref\9.0.11\ref\net9.0\System.Net.Quic.dll /reference:C:\Users\erikv\.nuget\packages\microsoft.netcore.app.ref\9.0.11\ref\net9.0\System.Net.Requests.dll /reference:C:\Users\erikv\.nuget\packages\microsoft.netcore.app.ref\9.0.11\ref\net9.0\System.Net.Security.dll /reference:C:\Users\erikv\.nuget\packages\microsoft.netcore.app.ref\9.0.11\ref\net9.0\System.Net.ServicePoint.dll /reference:C:\Users\erikv\.nuget\packages\microsoft.netcore.app.ref\9.0.11\ref\net9.0\System.Net.Sockets.dll /reference:C:\Users\erikv\.nuget\packages\microsoft.netcore.app.ref\9.0.11\ref\net9.0\System.Net.WebClient.dll /reference:C:\Users\erikv\.nuget\packages\microsoft.netcore.app.ref\9.0.11\ref\net9.0\System.Net.WebHeaderCollection.dll /reference:C:\Users\erikv\.nuget\packages\microsoft.netcore.app.ref\9.0.11\ref\net9.0\System.Net.WebProxy.dll /reference:C:\Users\erikv\.nuget\packages\microsoft.netcore.app.ref\9.0.11\ref\net9.0\System.Net.WebSockets.Client.dll /reference:C:\Users\erikv\.nuget\packages\microsoft.netcore.app.ref\9.0.11\ref\net9.0\System.Net.WebSockets.dll /reference:C:\Users\erikv\.nuget\packages\microsoft.netcore.app.ref\9.0.11\ref\net9.0\System.Numerics.dll /reference:C:\Users\erikv\.nuget\packages\microsoft.netcore.app.ref\9.0.11\ref\net9.0\System.Numerics.Vectors.dll /reference:C:\Users\erikv\.nuget\packages\microsoft.netcore.app.ref\9.0.11\ref\net9.0\System.ObjectModel.dll /reference:C:\Users\erikv\.nuget\packages\microsoft.netcore.app.ref\9.0.11\ref\net9.0\System.Reflection.DispatchProxy.dll /reference:C:\Users\erikv\.nuget\packages\microsoft.netcore.app.ref\9.0.11\ref\net9.0\System.Reflection.dll /reference:C:\Users\erikv\.nuget\packages\microsoft.netcore.app.ref\9.0.11\ref\net9.0\System.Reflection.Emit.dll /reference:C:\Users\erikv\.nuget\packages\microsoft.netcore.app.ref\9.0.11\ref\net9.0\System.Reflection.Emit.ILGeneration.dll /reference:C:\Users\erikv\.nuget\packages\microsoft.netcore.app.ref\9.0.11\ref\net9.0\System.Reflection.Emit.Lightweight.dll /reference:C:\Users\erikv\.nuget\packages\microsoft.netcore.app.ref\9.0.11\ref\net9.0\System.Reflection.Extensions.dll /reference:C:\Users\erikv\.nuget\packages\microsoft.netcore.app.ref\9.0.11\ref\net9.0\System.Reflection.Metadata.dll /reference:C:\Users\erikv\.nuget\packages\microsoft.netcore.app.ref\9.0.11\ref\net9.0\System.Reflection.Primitives.dll /reference:C:\Users\erikv\.nuget\packages\microsoft.netcore.app.ref\9.0.11\ref\net9.0\System.Reflection.TypeExtensions.dll /reference:C:\Users\erikv\.nuget\packages\microsoft.netcore.app.ref\9.0.11\ref\net9.0\System.Resources.Reader.dll /reference:C:\Users\erikv\.nuget\packages\microsoft.netcore.app.ref\9.0.11\ref\net9.0\System.Resources.ResourceManager.dll /reference:C:\Users\erikv\.nuget\packages\microsoft.netcore.app.ref\9.0.11\ref\net9.0\System.Resources.Writer.dll /reference:C:\Users\erikv\.nuget\packages\microsoft.netcore.app.ref\9.0.11\ref\net9.0\System.Runtime.CompilerServices.Unsafe.dll /reference:C:\Users\erikv\.nuget\packages\microsoft.netcore.app.ref\9.0.11\ref\net9.0\System.Runtime.CompilerServices.VisualC.dll /reference:C:\Users\erikv\.nuget\packages\microsoft.netcore.app.ref\9.0.11\ref\net9.0\System.Runtime.dll /reference:C:\Users\erikv\.nuget\packages\microsoft.netcore.app.ref\9.0.11\ref\net9.0\System.Runtime.Extensions.dll /reference:C:\Users\erikv\.nuget\packages\microsoft.netcore.app.ref\9.0.11\ref\net9.0\System.Runtime.Handles.dll /reference:C:\Users\erikv\.nuget\packages\microsoft.netcore.app.ref\9.0.11\ref\net9.0\System.Runtime.InteropServices.dll /reference:C:\Users\erikv\.nuget\packages\microsoft.netcore.app.ref\9.0.11\ref\net9.0\System.Runtime.InteropServices.JavaScript.dll /reference:C:\Users\erikv\.nuget\packages\microsoft.netcore.app.ref\9.0.11\ref\net9.0\System.Runtime.InteropServices.RuntimeInformation.dll /reference:C:\Users\erikv\.nuget\packages\microsoft.netcore.app.ref\9.0.11\ref\net9.0\System.Runtime.Intrinsics.dll /reference:C:\Users\erikv\.nuget\packages\microsoft.netcore.app.ref\9.0.11\ref\net9.0\System.Runtime.Loader.dll /reference:C:\Users\erikv\.nuget\packages\microsoft.netcore.app.ref\9.0.11\ref\net9.0\System.Runtime.Numerics.dll /reference:C:\Users\erikv\.nuget\packages\microsoft.netcore.app.ref\9.0.11\ref\net9.0\System.Runtime.Serialization.dll /reference:C:\Users\erikv\.nuget\packages\microsoft.netcore.app.ref\9.0.11\ref\net9.0\System.Runtime.Serialization.Formatters.dll /reference:C:\Users\erikv\.nuget\packages\microsoft.netcore.app.ref\9.0.11\ref\net9.0\System.Runtime.Serialization.Json.dll /reference:C:\Users\erikv\.nuget\packages\microsoft.netcore.app.ref\9.0.11\ref\net9.0\System.Runtime.Serialization.Primitives.dll /reference:C:\Users\erikv\.nuget\packages\microsoft.netcore.app.ref\9.0.11\ref\net9.0\System.Runtime.Serialization.Xml.dll /reference:C:\Users\erikv\.nuget\packages\microsoft.netcore.app.ref\9.0.11\ref\net9.0\System.Security.AccessControl.dll /reference:C:\Users\erikv\.nuget\packages\microsoft.netcore.app.ref\9.0.11\ref\net9.0\System.Security.Claims.dll /reference:C:\Users\erikv\.nuget\packages\microsoft.netcore.app.ref\9.0.11\ref\net9.0\System.Security.Cryptography.Algorithms.dll /reference:C:\Users\erikv\.nuget\packages\microsoft.netcore.app.ref\9.0.11\ref\net9.0\System.Security.Cryptography.Cng.dll /reference:C:\Users\erikv\.nuget\packages\microsoft.netcore.app.ref\9.0.11\ref\net9.0\System.Security.Cryptography.Csp.dll /reference:C:\Users\erikv\.nuget\packages\microsoft.netcore.app.ref\9.0.11\ref\net9.0\System.Security.Cryptography.dll /reference:C:\Users\erikv\.nuget\packages\microsoft.netcore.app.ref\9.0.11\ref\net9.0\System.Security.Cryptography.Encoding.dll /reference:C:\Users\erikv\.nuget\packages\microsoft.netcore.app.ref\9.0.11\ref\net9.0\System.Security.Cryptography.OpenSsl.dll /reference:C:\Users\erikv\.nuget\packages\microsoft.netcore.app.ref\9.0.11\ref\net9.0\System.Security.Cryptography.Primitives.dll /reference:C:\Users\erikv\.nuget\packages\microsoft.netcore.app.ref\9.0.11\ref\net9.0\System.Security.Cryptography.X509Certificates.dll /reference:C:\Users\erikv\.nuget\packages\microsoft.aspnetcore.app.ref\9.0.11\ref\net9.0\System.Security.Cryptography.Xml.dll /reference:C:\Users\erikv\.nuget\packages\microsoft.netcore.app.ref\9.0.11\ref\net9.0\System.Security.dll /reference:C:\Users\erikv\.nuget\packages\microsoft.netcore.app.ref\9.0.11\ref\net9.0\System.Security.Principal.dll /reference:C:\Users\erikv\.nuget\packages\microsoft.netcore.app.ref\9.0.11\ref\net9.0\System.Security.Principal.Windows.dll /reference:C:\Users\erikv\.nuget\packages\microsoft.netcore.app.ref\9.0.11\ref\net9.0\System.Security.SecureString.dll /reference:C:\Users\erikv\.nuget\packages\microsoft.netcore.app.ref\9.0.11\ref\net9.0\System.ServiceModel.Web.dll /reference:C:\Users\erikv\.nuget\packages\microsoft.netcore.app.ref\9.0.11\ref\net9.0\System.ServiceProcess.dll /reference:C:\Users\erikv\.nuget\packages\microsoft.netcore.app.ref\9.0.11\ref\net9.0\System.Text.Encoding.CodePages.dll /reference:C:\Users\erikv\.nuget\packages\microsoft.netcore.app.ref\9.0.11\ref\net9.0\System.Text.Encoding.dll /reference:C:\Users\erikv\.nuget\packages\microsoft.netcore.app.ref\9.0.11\ref\net9.0\System.Text.Encoding.Extensions.dll /reference:C:\Users\erikv\.nuget\packages\microsoft.netcore.app.ref\9.0.11\ref\net9.0\System.Text.Encodings.Web.dll /reference:C:\Users\erikv\.nuget\packages\microsoft.netcore.app.ref\9.0.11\ref\net9.0\System.Text.Json.dll /reference:C:\Users\erikv\.nuget\packages\microsoft.netcore.app.ref\9.0.11\ref\net9.0\System.Text.RegularExpressions.dll /reference:C:\Users\erikv\.nuget\packages\microsoft.netcore.app.ref\9.0.11\ref\net9.0\System.Threading.Channels.dll /reference:C:\Users\erikv\.nuget\packages\microsoft.netcore.app.ref\9.0.11\ref\net9.0\System.Threading.dll /reference:C:\Users\erikv\.nuget\packages\microsoft.netcore.app.ref\9.0.11\ref\net9.0\System.Threading.Overlapped.dll /reference:C:\Users\erikv\.nuget\packages\microsoft.aspnetcore.app.ref\9.0.11\ref\net9.0\System.Threading.RateLimiting.dll /reference:C:\Users\erikv\.nuget\packages\microsoft.netcore.app.ref\9.0.11\ref\net9.0\System.Threading.Tasks.Dataflow.dll /reference:C:\Users\erikv\.nuget\packages\microsoft.netcore.app.ref\9.0.11\ref\net9.0\System.Threading.Tasks.dll /reference:C:\Users\erikv\.nuget\packages\microsoft.netcore.app.ref\9.0.11\ref\net9.0\System.Threading.Tasks.Extensions.dll /reference:C:\Users\erikv\.nuget\packages\microsoft.netcore.app.ref\9.0.11\ref\net9.0\System.Threading.Tasks.Parallel.dll /reference:C:\Users\erikv\.nuget\packages\microsoft.netcore.app.ref\9.0.11\ref\net9.0\System.Threading.Thread.dll /reference:C:\Users\erikv\.nuget\packages\microsoft.netcore.app.ref\9.0.11\ref\net9.0\System.Threading.ThreadPool.dll /reference:C:\Users\erikv\.nuget\packages\microsoft.netcore.app.ref\9.0.11\ref\net9.0\System.Threading.Timer.dll /reference:C:\Users\erikv\.nuget\packages\microsoft.netcore.app.ref\9.0.11\ref\net9.0\System.Transactions.dll /reference:C:\Users\erikv\.nuget\packages\microsoft.netcore.app.ref\9.0.11\ref\net9.0\System.Transactions.Local.dll /reference:C:\Users\erikv\.nuget\packages\microsoft.netcore.app.ref\9.0.11\ref\net9.0\System.ValueTuple.dll /reference:C:\Users\erikv\.nuget\packages\microsoft.netcore.app.ref\9.0.11\ref\net9.0\System.Web.dll /reference:C:\Users\erikv\.nuget\packages\microsoft.netcore.app.ref\9.0.11\ref\net9.0\System.Web.HttpUtility.dll /reference:C:\Users\erikv\.nuget\packages\microsoft.netcore.app.ref\9.0.11\ref\net9.0\System.Windows.dll /reference:C:\Users\erikv\.nuget\packages\microsoft.netcore.app.ref\9.0.11\ref\net9.0\System.Xml.dll /reference:C:\Users\erikv\.nuget\packages\microsoft.netcore.app.ref\9.0.11\ref\net9.0\System.Xml.Linq.dll /reference:C:\Users\erikv\.nuget\packages\microsoft.netcore.app.ref\9.0.11\ref\net9.0\System.Xml.ReaderWriter.dll /reference:C:\Users\erikv\.nuget\packages\microsoft.netcore.app.ref\9.0.11\ref\net9.0\System.Xml.Serialization.dll /reference:C:\Users\erikv\.nuget\packages\microsoft.netcore.app.ref\9.0.11\ref\net9.0\System.Xml.XDocument.dll /reference:C:\Users\erikv\.nuget\packages\microsoft.netcore.app.ref\9.0.11\ref\net9.0\System.Xml.XmlDocument.dll /reference:C:\Users\erikv\.nuget\packages\microsoft.netcore.app.ref\9.0.11\ref\net9.0\System.Xml.XmlSerializer.dll /reference:C:\Users\erikv\.nuget\packages\microsoft.netcore.app.ref\9.0.11\ref\net9.0\System.Xml.XPath.dll /reference:C:\Users\erikv\.nuget\packages\microsoft.netcore.app.ref\9.0.11\ref\net9.0\System.Xml.XPath.XDocument.dll /reference:C:\Users\erikv\.nuget\packages\microsoft.testplatform.testhost\17.12.0\lib\netcoreapp3.1\testhost.dll /reference:C:\Users\erikv\.nuget\packages\microsoft.netcore.app.ref\9.0.11\ref\net9.0\WindowsBase.dll /reference:C:\Users\erikv\.nuget\packages\xunit.abstractions\2.0.3\lib\netstandard2.0\xunit.abstractions.dll /reference:C:\Users\erikv\.nuget\packages\xunit.assert\2.9.2\lib\net6.0\xunit.assert.dll /reference:C:\Users\erikv\.nuget\packages\xunit.extensibility.core\2.9.2\lib\netstandard1.1\xunit.core.dll /reference:C:\Users\erikv\.nuget\packages\xunit.extensibility.execution\2.9.2\lib\netstandard1.1\xunit.execution.dotnet.dll /debug+ /debug:portable /filealign:512 /optimize- /out:obj\Debug\net9.0\FootballPrediction.IntegrationTests.dll /refout:obj\Debug\net9.0\refint\FootballPrediction.IntegrationTests.dll /target:exe /warnaserror- /utf8output /deterministic+ /sourcelink:obj\Debug\net9.0\FootballPrediction.IntegrationTests.sourcelink.json /langversion:13.0 /embed:C:\Users\erikv\.nuget\packages\microsoft.net.test.sdk\17.12.0\build\netcoreapp3.1\Microsoft.NET.Test.Sdk.Program.cs /analyzerconfig:obj\Debug\net9.0\FootballPrediction.IntegrationTests.GeneratedMSBuildEditorConfig.editorconfig /analyzerconfig:"C:\Program Files\dotnet\sdk\10.0.100\Sdks\Microsoft.NET.Sdk\analyzers\build\config\analysislevel_9_default.globalconfig" /analyzer:"C:\Program Files\dotnet\sdk\10.0.100\Sdks\Microsoft.NET.Sdk\targets\..\analyzers\Microsoft.CodeAnalysis.CSharp.NetAnalyzers.dll" /analyzer:"C:\Program Files\dotnet\sdk\10.0.100\Sdks\Microsoft.NET.Sdk\targets\..\analyzers\Microsoft.CodeAnalysis.NetAnalyzers.dll" /analyzer:C:\Users\erikv\.nuget\packages\microsoft.entityframeworkcore.analyzers\9.0.0\analyzers\dotnet\cs\Microsoft.EntityFrameworkCore.Analyzers.dll /analyzer:C:\Users\erikv\.nuget\packages\xunit.analyzers\1.16.0\analyzers\dotnet\cs\xunit.analyzers.dll /analyzer:C:\Users\erikv\.nuget\packages\xunit.analyzers\1.16.0\analyzers\dotnet\cs\xunit.analyzers.fixes.dll /analyzer:C:\Users\erikv\.nuget\packages\microsoft.netcore.app.ref\9.0.11\analyzers/dotnet/cs/Microsoft.Interop.ComInterfaceGenerator.dll /analyzer:C:\Users\erikv\.nuget\packages\microsoft.netcore.app.ref\9.0.11\analyzers/dotnet/cs/Microsoft.Interop.JavaScript.JSImportGenerator.dll /analyzer:C:\Users\erikv\.nuget\packages\microsoft.netcore.app.ref\9.0.11\analyzers/dotnet/cs/Microsoft.Interop.LibraryImportGenerator.dll /analyzer:C:\Users\erikv\.nuget\packages\microsoft.netcore.app.ref\9.0.11\analyzers/dotnet/cs/Microsoft.Interop.SourceGeneration.dll /analyzer:C:\Users\erikv\.nuget\packages\microsoft.netcore.app.ref\9.0.11\analyzers/dotnet/cs/System.Text.Json.SourceGeneration.dll /analyzer:C:\Users\erikv\.nuget\packages\microsoft.netcore.app.ref\9.0.11\analyzers/dotnet/cs/System.Text.RegularExpressions.Generator.dll /analyzer:C:\Users\erikv\.nuget\packages\microsoft.aspnetcore.app.ref\9.0.11\analyzers/dotnet/cs/Microsoft.AspNetCore.App.Analyzers.dll /analyzer:C:\Users\erikv\.nuget\packages\microsoft.aspnetcore.app.ref\9.0.11\analyzers/dotnet/cs/Microsoft.AspNetCore.App.CodeFixes.dll /analyzer:C:\Users\erikv\.nuget\packages\microsoft.aspnetcore.app.ref\9.0.11\analyzers/dotnet/cs/Microsoft.AspNetCore.Components.Analyzers.dll /analyzer:C:\Users\erikv\.nuget\packages\microsoft.aspnetcore.app.ref\9.0.11\analyzers/dotnet/roslyn4.4/cs/Microsoft.Extensions.Logging.Generators.dll /analyzer:C:\Users\erikv\.nuget\packages\microsoft.aspnetcore.app.ref\9.0.11\analyzers/dotnet/roslyn4.4/cs/Microsoft.Extensions.Options.SourceGeneration.dll UnitTest1.cs C:\Users\erikv\.nuget\packages\microsoft.net.test.sdk\17.12.0\build\netcoreapp3.1\Microsoft.NET.Test.Sdk.Program.cs obj\Debug\net9.0\FootballPrediction.IntegrationTests.GlobalUsings.g.cs "obj\Debug\net9.0\.NETCoreApp,Version=v9.0.AssemblyAttributes.cs" obj\Debug\net9.0\FootballPrediction.IntegrationTests.AssemblyInfo.cs /warnaserror+:NU1605,SYSLIB0011
         Compilation request FootballPrediction.IntegrationTests (net9.0), PathToTool=C:\Program Files\dotnet\sdk\10.0.100\Roslyn\bincore\csc.exe
         CommandLine = ' /noconfig'
         BuildResponseFile = '/unsafe- /checked- /nowarn:1701,1702,1701,1702 /fullpaths /nostdlib+ /errorreport:prompt /warn:9 /define:TRACE;DEBUG;NET;NET9_0;NETCOREAPP;NET5_0_OR_GREATER;NET6_0_OR_GREATER;NET7_0_OR_GREATER;NET8_0_OR_GREATER;NET9_0_OR_GREATER;NETCOREAPP1_0_OR_GREATER;NETCOREAPP1_1_OR_GREATER;NETCOREAPP2_0_OR_GREATER;NETCOREAPP2_1_OR_GREATER;NETCOREAPP2_2_OR_GREATER;NETCOREAPP3_0_OR_GREATER;NETCOREAPP3_1_OR_GREATER /highentropyva+ /nullable:enable /reference:C:\Users\erikv\.nuget\packages\bcrypt.net-next\4.0.3\lib\net6.0\BCrypt.Net-Next.dll /reference:C:\Users\erikv\.nuget\packages\fluentvalidation.aspnetcore\11.3.0\lib\net6.0\FluentValidation.AspNetCore.dll /reference:C:\Users\erikv\.nuget\packages\fluentvalidation.dependencyinjectionextensions\11.5.1\lib\netstandard2.1\FluentValidation.DependencyInjectionExtensions.dll /reference:C:\Users\erikv\.nuget\packages\fluentvalidation\11.5.1\lib\net7.0\FluentValidation.dll /reference:C:\Projects\football-prediction-pwa\backend\src\FootballPrediction.Api\obj\Debug\net9.0\ref\FootballPrediction.Api.dll /reference:C:\Projects\football-prediction-pwa\backend\src\FootballPrediction.Application\obj\Debug\net9.0\ref\FootballPrediction.Application.dll /reference:C:\Projects\football-prediction-pwa\backend\src\FootballPrediction.Domain\obj\Debug\net9.0\ref\FootballPrediction.Domain.dll /reference:C:\Projects\football-prediction-pwa\backend\src\FootballPrediction.Infrastructure\obj\Debug\net9.0\ref\FootballPrediction.Infrastructure.dll /reference:C:\Users\erikv\.nuget\packages\microsoft.aspnetcore.app.ref\9.0.11\ref\net9.0\Microsoft.AspNetCore.Antiforgery.dll /reference:C:\Users\erikv\.nuget\packages\microsoft.aspnetcore.app.ref\9.0.11\ref\net9.0\Microsoft.AspNetCore.Authentication.Abstractions.dll /reference:C:\Users\erikv\.nuget\packages\microsoft.aspnetcore.app.ref\9.0.11\ref\net9.0\Microsoft.AspNetCore.Authentication.BearerToken.dll /reference:C:\Users\erikv\.nuget\packages\microsoft.aspnetcore.app.ref\9.0.11\ref\net9.0\Microsoft.AspNetCore.Authentication.Cookies.dll /reference:C:\Users\erikv\.nuget\packages\microsoft.aspnetcore.app.ref\9.0.11\ref\net9.0\Microsoft.AspNetCore.Authentication.Core.dll /reference:C:\Users\erikv\.nuget\packages\microsoft.aspnetcore.app.ref\9.0.11\ref\net9.0\Microsoft.AspNetCore.Authentication.dll /reference:C:\Users\erikv\.nuget\packages\microsoft.aspnetcore.authentication.jwtbearer\9.0.0\lib\net9.0\Microsoft.AspNetCore.Authentication.JwtBearer.dll /reference:C:\Users\erikv\.nuget\packages\microsoft.aspnetcore.app.ref\9.0.11\ref\net9.0\Microsoft.AspNetCore.Authentication.OAuth.dll /reference:C:\Users\erikv\.nuget\packages\microsoft.aspnetcore.app.ref\9.0.11\ref\net9.0\Microsoft.AspNetCore.Authorization.dll /reference:C:\Users\erikv\.nuget\packages\microsoft.aspnetcore.app.ref\9.0.11\ref\net9.0\Microsoft.AspNetCore.Authorization.Policy.dll /reference:C:\Users\erikv\.nuget\packages\microsoft.aspnetcore.app.ref\9.0.11\ref\net9.0\Microsoft.AspNetCore.Components.Authorization.dll /reference:C:\Users\erikv\.nuget\packages\microsoft.aspnetcore.app.ref\9.0.11\ref\net9.0\Microsoft.AspNetCore.Components.dll /reference:C:\Users\erikv\.nuget\packages\microsoft.aspnetcore.app.ref\9.0.11\ref\net9.0\Microsoft.AspNetCore.Components.Endpoints.dll /reference:C:\Users\erikv\.nuget\packages\microsoft.aspnetcore.app.ref\9.0.11\ref\net9.0\Microsoft.AspNetCore.Components.Forms.dll /reference:C:\Users\erikv\.nuget\packages\microsoft.aspnetcore.app.ref\9.0.11\ref\net9.0\Microsoft.AspNetCore.Components.Server.dll /reference:C:\Users\erikv\.nuget\packages\microsoft.aspnetcore.app.ref\9.0.11\ref\net9.0\Microsoft.AspNetCore.Components.Web.dll /reference:C:\Users\erikv\.nuget\packages\microsoft.aspnetcore.app.ref\9.0.11\ref\net9.0\Microsoft.AspNetCore.Connections.Abstractions.dll /reference:C:\Users\erikv\.nuget\packages\microsoft.aspnetcore.app.ref\9.0.11\ref\net9.0\Microsoft.AspNetCore.CookiePolicy.dll /reference:C:\Users\erikv\.nuget\packages\microsoft.aspnetcore.app.ref\9.0.11\ref\net9.0\Microsoft.AspNetCore.Cors.dll /reference:C:\Users\erikv\.nuget\packages\microsoft.aspnetcore.app.ref\9.0.11\ref\net9.0\Microsoft.AspNetCore.Cryptography.Internal.dll /reference:C:\Users\erikv\.nuget\packages\microsoft.aspnetcore.app.ref\9.0.11\ref\net9.0\Microsoft.AspNetCore.Cryptography.KeyDerivation.dll /reference:C:\Users\erikv\.nuget\packages\microsoft.aspnetcore.app.ref\9.0.11\ref\net9.0\Microsoft.AspNetCore.DataProtection.Abstractions.dll /reference:C:\Users\erikv\.nuget\packages\microsoft.aspnetcore.app.ref\9.0.11\ref\net9.0\Microsoft.AspNetCore.DataProtection.dll /reference:C:\Users\erikv\.nuget\packages\microsoft.aspnetcore.app.ref\9.0.11\ref\net9.0\Microsoft.AspNetCore.DataProtection.Extensions.dll /reference:C:\Users\erikv\.nuget\packages\microsoft.aspnetcore.app.ref\9.0.11\ref\net9.0\Microsoft.AspNetCore.Diagnostics.Abstractions.dll /reference:C:\Users\erikv\.nuget\packages\microsoft.aspnetcore.app.ref\9.0.11\ref\net9.0\Microsoft.AspNetCore.Diagnostics.dll /reference:C:\Users\erikv\.nuget\packages\microsoft.aspnetcore.app.ref\9.0.11\ref\net9.0\Microsoft.AspNetCore.Diagnostics.HealthChecks.dll /reference:C:\Users\erikv\.nuget\packages\microsoft.aspnetcore.app.ref\9.0.11\ref\net9.0\Microsoft.AspNetCore.dll /reference:C:\Users\erikv\.nuget\packages\microsoft.aspnetcore.app.ref\9.0.11\ref\net9.0\Microsoft.AspNetCore.HostFiltering.dll /reference:C:\Users\erikv\.nuget\packages\microsoft.aspnetcore.app.ref\9.0.11\ref\net9.0\Microsoft.AspNetCore.Hosting.Abstractions.dll /reference:C:\Users\erikv\.nuget\packages\microsoft.aspnetcore.app.ref\9.0.11\ref\net9.0\Microsoft.AspNetCore.Hosting.dll /reference:C:\Users\erikv\.nuget\packages\microsoft.aspnetcore.app.ref\9.0.11\ref\net9.0\Microsoft.AspNetCore.Hosting.Server.Abstractions.dll /reference:C:\Users\erikv\.nuget\packages\microsoft.aspnetcore.app.ref\9.0.11\ref\net9.0\Microsoft.AspNetCore.Html.Abstractions.dll /reference:C:\Users\erikv\.nuget\packages\microsoft.aspnetcore.app.ref\9.0.11\ref\net9.0\Microsoft.AspNetCore.Http.Abstractions.dll /reference:C:\Users\erikv\.nuget\packages\microsoft.aspnetcore.app.ref\9.0.11\ref\net9.0\Microsoft.AspNetCore.Http.Connections.Common.dll /reference:C:\Users\erikv\.nuget\packages\microsoft.aspnetcore.app.ref\9.0.11\ref\net9.0\Microsoft.AspNetCore.Http.Connections.dll /reference:C:\Users\erikv\.nuget\packages\microsoft.aspnetcore.app.ref\9.0.11\ref\net9.0\Microsoft.AspNetCore.Http.dll /reference:C:\Users\erikv\.nuget\packages\microsoft.aspnetcore.app.ref\9.0.11\ref\net9.0\Microsoft.AspNetCore.Http.Extensions.dll /reference:C:\Users\erikv\.nuget\packages\microsoft.aspnetcore.app.ref\9.0.11\ref\net9.0\Microsoft.AspNetCore.Http.Features.dll /reference:C:\Users\erikv\.nuget\packages\microsoft.aspnetcore.app.ref\9.0.11\ref\net9.0\Microsoft.AspNetCore.Http.Results.dll /reference:C:\Users\erikv\.nuget\packages\microsoft.aspnetcore.app.ref\9.0.11\ref\net9.0\Microsoft.AspNetCore.HttpLogging.dll /reference:C:\Users\erikv\.nuget\packages\microsoft.aspnetcore.app.ref\9.0.11\ref\net9.0\Microsoft.AspNetCore.HttpOverrides.dll /reference:C:\Users\erikv\.nuget\packages\microsoft.aspnetcore.app.ref\9.0.11\ref\net9.0\Microsoft.AspNetCore.HttpsPolicy.dll /reference:C:\Users\erikv\.nuget\packages\microsoft.aspnetcore.app.ref\9.0.11\ref\net9.0\Microsoft.AspNetCore.Identity.dll /reference:C:\Users\erikv\.nuget\packages\microsoft.aspnetcore.app.ref\9.0.11\ref\net9.0\Microsoft.AspNetCore.Localization.dll /reference:C:\Users\erikv\.nuget\packages\microsoft.aspnetcore.app.ref\9.0.11\ref\net9.0\Microsoft.AspNetCore.Localization.Routing.dll /reference:C:\Users\erikv\.nuget\packages\microsoft.aspnetcore.app.ref\9.0.11\ref\net9.0\Microsoft.AspNetCore.Metadata.dll /reference:C:\Users\erikv\.nuget\packages\microsoft.aspnetcore.app.ref\9.0.11\ref\net9.0\Microsoft.AspNetCore.Mvc.Abstractions.dll /reference:C:\Users\erikv\.nuget\packages\microsoft.aspnetcore.app.ref\9.0.11\ref\net9.0\Microsoft.AspNetCore.Mvc.ApiExplorer.dll /reference:C:\Users\erikv\.nuget\packages\microsoft.aspnetcore.app.ref\9.0.11\ref\net9.0\Microsoft.AspNetCore.Mvc.Core.dll /reference:C:\Users\erikv\.nuget\packages\microsoft.aspnetcore.app.ref\9.0.11\ref\net9.0\Microsoft.AspNetCore.Mvc.Cors.dll /reference:C:\Users\erikv\.nuget\packages\microsoft.aspnetcore.app.ref\9.0.11\ref\net9.0\Microsoft.AspNetCore.Mvc.DataAnnotations.dll /reference:C:\Users\erikv\.nuget\packages\microsoft.aspnetcore.app.ref\9.0.11\ref\net9.0\Microsoft.AspNetCore.Mvc.dll /reference:C:\Users\erikv\.nuget\packages\microsoft.aspnetcore.app.ref\9.0.11\ref\net9.0\Microsoft.AspNetCore.Mvc.Formatters.Json.dll /reference:C:\Users\erikv\.nuget\packages\microsoft.aspnetcore.app.ref\9.0.11\ref\net9.0\Microsoft.AspNetCore.Mvc.Formatters.Xml.dll /reference:C:\Users\erikv\.nuget\packages\microsoft.aspnetcore.app.ref\9.0.11\ref\net9.0\Microsoft.AspNetCore.Mvc.Localization.dll /reference:C:\Users\erikv\.nuget\packages\microsoft.aspnetcore.app.ref\9.0.11\ref\net9.0\Microsoft.AspNetCore.Mvc.Razor.dll /reference:C:\Users\erikv\.nuget\packages\microsoft.aspnetcore.app.ref\9.0.11\ref\net9.0\Microsoft.AspNetCore.Mvc.RazorPages.dll /reference:C:\Users\erikv\.nuget\packages\microsoft.aspnetcore.app.ref\9.0.11\ref\net9.0\Microsoft.AspNetCore.Mvc.TagHelpers.dll /reference:C:\Users\erikv\.nuget\packages\microsoft.aspnetcore.mvc.testing\9.0.0\lib\net9.0\Microsoft.AspNetCore.Mvc.Testing.dll /reference:C:\Users\erikv\.nuget\packages\microsoft.aspnetcore.app.ref\9.0.11\ref\net9.0\Microsoft.AspNetCore.Mvc.ViewFeatures.dll /reference:C:\Users\erikv\.nuget\packages\microsoft.aspnetcore.openapi\9.0.6\lib\net9.0\Microsoft.AspNetCore.OpenApi.dll /reference:C:\Users\erikv\.nuget\packages\microsoft.aspnetcore.app.ref\9.0.11\ref\net9.0\Microsoft.AspNetCore.OutputCaching.dll /reference:C:\Users\erikv\.nuget\packages\microsoft.aspnetcore.app.ref\9.0.11\ref\net9.0\Microsoft.AspNetCore.RateLimiting.dll /reference:C:\Users\erikv\.nuget\packages\microsoft.aspnetcore.app.ref\9.0.11\ref\net9.0\Microsoft.AspNetCore.Razor.dll /reference:C:\Users\erikv\.nuget\packages\microsoft.aspnetcore.app.ref\9.0.11\ref\net9.0\Microsoft.AspNetCore.Razor.Runtime.dll /reference:C:\Users\erikv\.nuget\packages\microsoft.aspnetcore.app.ref\9.0.11\ref\net9.0\Microsoft.AspNetCore.RequestDecompression.dll /reference:C:\Users\erikv\.nuget\packages\microsoft.aspnetcore.app.ref\9.0.11\ref\net9.0\Microsoft.AspNetCore.ResponseCaching.Abstractions.dll /reference:C:\Users\erikv\.nuget\packages\microsoft.aspnetcore.app.ref\9.0.11\ref\net9.0\Microsoft.AspNetCore.ResponseCaching.dll /reference:C:\Users\erikv\.nuget\packages\microsoft.aspnetcore.app.ref\9.0.11\ref\net9.0\Microsoft.AspNetCore.ResponseCompression.dll /reference:C:\Users\erikv\.nuget\packages\microsoft.aspnetcore.app.ref\9.0.11\ref\net9.0\Microsoft.AspNetCore.Rewrite.dll /reference:C:\Users\erikv\.nuget\packages\microsoft.aspnetcore.app.ref\9.0.11\ref\net9.0\Microsoft.AspNetCore.Routing.Abstractions.dll /reference:C:\Users\erikv\.nuget\packages\microsoft.aspnetcore.app.ref\9.0.11\ref\net9.0\Microsoft.AspNetCore.Routing.dll /reference:C:\Users\erikv\.nuget\packages\microsoft.aspnetcore.app.ref\9.0.11\ref\net9.0\Microsoft.AspNetCore.Server.HttpSys.dll /reference:C:\Users\erikv\.nuget\packages\microsoft.aspnetcore.app.ref\9.0.11\ref\net9.0\Microsoft.AspNetCore.Server.IIS.dll /reference:C:\Users\erikv\.nuget\packages\microsoft.aspnetcore.app.ref\9.0.11\ref\net9.0\Microsoft.AspNetCore.Server.IISIntegration.dll /reference:C:\Users\erikv\.nuget\packages\microsoft.aspnetcore.app.ref\9.0.11\ref\net9.0\Microsoft.AspNetCore.Server.Kestrel.Core.dll /reference:C:\Users\erikv\.nuget\packages\microsoft.aspnetcore.app.ref\9.0.11\ref\net9.0\Microsoft.AspNetCore.Server.Kestrel.dll /reference:C:\Users\erikv\.nuget\packages\microsoft.aspnetcore.app.ref\9.0.11\ref\net9.0\Microsoft.AspNetCore.Server.Kestrel.Transport.NamedPipes.dll /reference:C:\Users\erikv\.nuget\packages\microsoft.aspnetcore.app.ref\9.0.11\ref\net9.0\Microsoft.AspNetCore.Server.Kestrel.Transport.Quic.dll /reference:C:\Users\erikv\.nuget\packages\microsoft.aspnetcore.app.ref\9.0.11\ref\net9.0\Microsoft.AspNetCore.Server.Kestrel.Transport.Sockets.dll /reference:C:\Users\erikv\.nuget\packages\microsoft.aspnetcore.app.ref\9.0.11\ref\net9.0\Microsoft.AspNetCore.Session.dll /reference:C:\Users\erikv\.nuget\packages\microsoft.aspnetcore.app.ref\9.0.11\ref\net9.0\Microsoft.AspNetCore.SignalR.Common.dll /reference:C:\Users\erikv\.nuget\packages\microsoft.aspnetcore.app.ref\9.0.11\ref\net9.0\Microsoft.AspNetCore.SignalR.Core.dll /reference:C:\Users\erikv\.nuget\packages\microsoft.aspnetcore.app.ref\9.0.11\ref\net9.0\Microsoft.AspNetCore.SignalR.dll /reference:C:\Users\erikv\.nuget\packages\microsoft.aspnetcore.app.ref\9.0.11\ref\net9.0\Microsoft.AspNetCore.SignalR.Protocols.Json.dll /reference:C:\Users\erikv\.nuget\packages\microsoft.aspnetcore.app.ref\9.0.11\ref\net9.0\Microsoft.AspNetCore.StaticAssets.dll /reference:C:\Users\erikv\.nuget\packages\microsoft.aspnetcore.app.ref\9.0.11\ref\net9.0\Microsoft.AspNetCore.StaticFiles.dll /reference:C:\Users\erikv\.nuget\packages\microsoft.aspnetcore.testhost\9.0.0\lib\net9.0\Microsoft.AspNetCore.TestHost.dll /reference:C:\Users\erikv\.nuget\packages\microsoft.aspnetcore.app.ref\9.0.11\ref\net9.0\Microsoft.AspNetCore.WebSockets.dll /reference:C:\Users\erikv\.nuget\packages\microsoft.aspnetcore.app.ref\9.0.11\ref\net9.0\Microsoft.AspNetCore.WebUtilities.dll /reference:C:\Users\erikv\.nuget\packages\microsoft.netcore.app.ref\9.0.11\ref\net9.0\Microsoft.CSharp.dll /reference:C:\Users\erikv\.nuget\packages\microsoft.entityframeworkcore.abstractions\9.0.0\lib\net8.0\Microsoft.EntityFrameworkCore.Abstractions.dll /reference:C:\Users\erikv\.nuget\packages\microsoft.entityframeworkcore\9.0.0\lib\net8.0\Microsoft.EntityFrameworkCore.dll /reference:C:\Users\erikv\.nuget\packages\microsoft.entityframeworkcore.inmemory\9.0.0\lib\net8.0\Microsoft.EntityFrameworkCore.InMemory.dll /reference:C:\Users\erikv\.nuget\packages\microsoft.entityframeworkcore.relational\9.0.0\lib\net8.0\Microsoft.EntityFrameworkCore.Relational.dll /reference:C:\Users\erikv\.nuget\packages\microsoft.aspnetcore.app.ref\9.0.11\ref\net9.0\Microsoft.Extensions.Caching.Abstractions.dll /reference:C:\Users\erikv\.nuget\packages\microsoft.aspnetcore.app.ref\9.0.11\ref\net9.0\Microsoft.Extensions.Caching.Memory.dll /reference:C:\Users\erikv\.nuget\packages\microsoft.aspnetcore.app.ref\9.0.11\ref\net9.0\Microsoft.Extensions.Configuration.Abstractions.dll /reference:C:\Users\erikv\.nuget\packages\microsoft.aspnetcore.app.ref\9.0.11\ref\net9.0\Microsoft.Extensions.Configuration.Binder.dll /reference:C:\Users\erikv\.nuget\packages\microsoft.aspnetcore.app.ref\9.0.11\ref\net9.0\Microsoft.Extensions.Configuration.CommandLine.dll /reference:C:\Users\erikv\.nuget\packages\microsoft.aspnetcore.app.ref\9.0.11\ref\net9.0\Microsoft.Extensions.Configuration.dll /reference:C:\Users\erikv\.nuget\packages\microsoft.aspnetcore.app.ref\9.0.11\ref\net9.0\Microsoft.Extensions.Configuration.EnvironmentVariables.dll /reference:C:\Users\erikv\.nuget\packages\microsoft.aspnetcore.app.ref\9.0.11\ref\net9.0\Microsoft.Extensions.Configuration.FileExtensions.dll /reference:C:\Users\erikv\.nuget\packages\microsoft.aspnetcore.app.ref\9.0.11\ref\net9.0\Microsoft.Extensions.Configuration.Ini.dll /reference:C:\Users\erikv\.nuget\packages\microsoft.aspnetcore.app.ref\9.0.11\ref\net9.0\Microsoft.Extensions.Configuration.Json.dll /reference:C:\Users\erikv\.nuget\packages\microsoft.aspnetcore.app.ref\9.0.11\ref\net9.0\Microsoft.Extensions.Configuration.KeyPerFile.dll /reference:C:\Users\erikv\.nuget\packages\microsoft.aspnetcore.app.ref\9.0.11\ref\net9.0\Microsoft.Extensions.Configuration.UserSecrets.dll /reference:C:\Users\erikv\.nuget\packages\microsoft.aspnetcore.app.ref\9.0.11\ref\net9.0\Microsoft.Extensions.Configuration.Xml.dll /reference:C:\Users\erikv\.nuget\packages\microsoft.aspnetcore.app.ref\9.0.11\ref\net9.0\Microsoft.Extensions.DependencyInjection.Abstractions.dll /reference:C:\Users\erikv\.nuget\packages\microsoft.aspnetcore.app.ref\9.0.11\ref\net9.0\Microsoft.Extensions.DependencyInjection.dll /reference:C:\Users\erikv\.nuget\packages\microsoft.extensions.dependencymodel\9.0.0\lib\net9.0\Microsoft.Extensions.DependencyModel.dll /reference:C:\Users\erikv\.nuget\packages\microsoft.aspnetcore.app.ref\9.0.11\ref\net9.0\Microsoft.Extensions.Diagnostics.Abstractions.dll /reference:C:\Users\erikv\.nuget\packages\microsoft.aspnetcore.app.ref\9.0.11\ref\net9.0\Microsoft.Extensions.Diagnostics.dll /reference:C:\Users\erikv\.nuget\packages\microsoft.aspnetcore.app.ref\9.0.11\ref\net9.0\Microsoft.Extensions.Diagnostics.HealthChecks.Abstractions.dll /reference:C:\Users\erikv\.nuget\packages\microsoft.aspnetcore.app.ref\9.0.11\ref\net9.0\Microsoft.Extensions.Diagnostics.HealthChecks.dll /reference:C:\Users\erikv\.nuget\packages\microsoft.aspnetcore.app.ref\9.0.11\ref\net9.0\Microsoft.Extensions.Features.dll /reference:C:\Users\erikv\.nuget\packages\microsoft.aspnetcore.app.ref\9.0.11\ref\net9.0\Microsoft.Extensions.FileProviders.Abstractions.dll /reference:C:\Users\erikv\.nuget\packages\microsoft.aspnetcore.app.ref\9.0.11\ref\net9.0\Microsoft.Extensions.FileProviders.Composite.dll /reference:C:\Users\erikv\.nuget\packages\microsoft.aspnetcore.app.ref\9.0.11\ref\net9.0\Microsoft.Extensions.FileProviders.Embedded.dll /reference:C:\Users\erikv\.nuget\packages\microsoft.aspnetcore.app.ref\9.0.11\ref\net9.0\Microsoft.Extensions.FileProviders.Physical.dll /reference:C:\Users\erikv\.nuget\packages\microsoft.aspnetcore.app.ref\9.0.11\ref\net9.0\Microsoft.Extensions.FileSystemGlobbing.dll /reference:C:\Users\erikv\.nuget\packages\microsoft.aspnetcore.app.ref\9.0.11\ref\net9.0\Microsoft.Extensions.Hosting.Abstractions.dll /reference:C:\Users\erikv\.nuget\packages\microsoft.aspnetcore.app.ref\9.0.11\ref\net9.0\Microsoft.Extensions.Hosting.dll /reference:C:\Users\erikv\.nuget\packages\microsoft.aspnetcore.app.ref\9.0.11\ref\net9.0\Microsoft.Extensions.Http.dll /reference:C:\Users\erikv\.nuget\packages\microsoft.aspnetcore.app.ref\9.0.11\ref\net9.0\Microsoft.Extensions.Identity.Core.dll /reference:C:\Users\erikv\.nuget\packages\microsoft.aspnetcore.app.ref\9.0.11\ref\net9.0\Microsoft.Extensions.Identity.Stores.dll /reference:C:\Users\erikv\.nuget\packages\microsoft.aspnetcore.app.ref\9.0.11\ref\net9.0\Microsoft.Extensions.Localization.Abstractions.dll /reference:C:\Users\erikv\.nuget\packages\microsoft.aspnetcore.app.ref\9.0.11\ref\net9.0\Microsoft.Extensions.Localization.dll /reference:C:\Users\erikv\.nuget\packages\microsoft.aspnetcore.app.ref\9.0.11\ref\net9.0\Microsoft.Extensions.Logging.Abstractions.dll /reference:C:\Users\erikv\.nuget\packages\microsoft.aspnetcore.app.ref\9.0.11\ref\net9.0\Microsoft.Extensions.Logging.Configuration.dll /reference:C:\Users\erikv\.nuget\packages\microsoft.aspnetcore.app.ref\9.0.11\ref\net9.0\Microsoft.Extensions.Logging.Console.dll /reference:C:\Users\erikv\.nuget\packages\microsoft.aspnetcore.app.ref\9.0.11\ref\net9.0\Microsoft.Extensions.Logging.Debug.dll /reference:C:\Users\erikv\.nuget\packages\microsoft.aspnetcore.app.ref\9.0.11\ref\net9.0\Microsoft.Extensions.Logging.dll /reference:C:\Users\erikv\.nuget\packages\microsoft.aspnetcore.app.ref\9.0.11\ref\net9.0\Microsoft.Extensions.Logging.EventLog.dll /reference:C:\Users\erikv\.nuget\packages\microsoft.aspnetcore.app.ref\9.0.11\ref\net9.0\Microsoft.Extensions.Logging.EventSource.dll /reference:C:\Users\erikv\.nuget\packages\microsoft.aspnetcore.app.ref\9.0.11\ref\net9.0\Microsoft.Extensions.Logging.TraceSource.dll /reference:C:\Users\erikv\.nuget\packages\microsoft.aspnetcore.app.ref\9.0.11\ref\net9.0\Microsoft.Extensions.ObjectPool.dll /reference:C:\Users\erikv\.nuget\packages\microsoft.aspnetcore.app.ref\9.0.11\ref\net9.0\Microsoft.Extensions.Options.ConfigurationExtensions.dll /reference:C:\Users\erikv\.nuget\packages\microsoft.aspnetcore.app.ref\9.0.11\ref\net9.0\Microsoft.Extensions.Options.DataAnnotations.dll /reference:C:\Users\erikv\.nuget\packages\microsoft.aspnetcore.app.ref\9.0.11\ref\net9.0\Microsoft.Extensions.Options.dll /reference:C:\Users\erikv\.nuget\packages\microsoft.aspnetcore.app.ref\9.0.11\ref\net9.0\Microsoft.Extensions.Primitives.dll /reference:C:\Users\erikv\.nuget\packages\microsoft.aspnetcore.app.ref\9.0.11\ref\net9.0\Microsoft.Extensions.WebEncoders.dll /reference:C:\Users\erikv\.nuget\packages\microsoft.identitymodel.abstractions\8.2.1\lib\net9.0\Microsoft.IdentityModel.Abstractions.dll /reference:C:\Users\erikv\.nuget\packages\microsoft.identitymodel.jsonwebtokens\8.2.1\lib\net9.0\Microsoft.IdentityModel.JsonWebTokens.dll /reference:C:\Users\erikv\.nuget\packages\microsoft.identitymodel.logging\8.2.1\lib\net9.0\Microsoft.IdentityModel.Logging.dll /reference:C:\Users\erikv\.nuget\packages\microsoft.identitymodel.protocols\8.0.1\lib\net9.0\Microsoft.IdentityModel.Protocols.dll /reference:C:\Users\erikv\.nuget\packages\microsoft.identitymodel.protocols.openidconnect\8.0.1\lib\net9.0\Microsoft.IdentityModel.Protocols.OpenIdConnect.dll /reference:C:\Users\erikv\.nuget\packages\microsoft.identitymodel.tokens\8.2.1\lib\net9.0\Microsoft.IdentityModel.Tokens.dll /reference:C:\Users\erikv\.nuget\packages\microsoft.aspnetcore.app.ref\9.0.11\ref\net9.0\Microsoft.JSInterop.dll /reference:C:\Users\erikv\.nuget\packages\microsoft.aspnetcore.app.ref\9.0.11\ref\net9.0\Microsoft.Net.Http.Headers.dll /reference:C:\Users\erikv\.nuget\packages\microsoft.openapi\1.6.17\lib\netstandard2.0\Microsoft.OpenApi.dll /reference:C:\Users\erikv\.nuget\packages\microsoft.testplatform.testhost\17.12.0\lib\netcoreapp3.1\Microsoft.TestPlatform.CommunicationUtilities.dll /reference:C:\Users\erikv\.nuget\packages\microsoft.testplatform.testhost\17.12.0\lib\netcoreapp3.1\Microsoft.TestPlatform.CoreUtilities.dll /reference:C:\Users\erikv\.nuget\packages\microsoft.testplatform.testhost\17.12.0\lib\netcoreapp3.1\Microsoft.TestPlatform.CrossPlatEngine.dll /reference:C:\Users\erikv\.nuget\packages\microsoft.testplatform.testhost\17.12.0\lib\netcoreapp3.1\Microsoft.TestPlatform.PlatformAbstractions.dll /reference:C:\Users\erikv\.nuget\packages\microsoft.testplatform.testhost\17.12.0\lib\netcoreapp3.1\Microsoft.TestPlatform.Utilities.dll /reference:C:\Users\erikv\.nuget\packages\microsoft.netcore.app.ref\9.0.11\ref\net9.0\Microsoft.VisualBasic.Core.dll /reference:C:\Users\erikv\.nuget\packages\microsoft.netcore.app.ref\9.0.11\ref\net9.0\Microsoft.VisualBasic.dll /reference:C:\Users\erikv\.nuget\packages\microsoft.codecoverage\17.12.0\lib\netcoreapp3.1\Microsoft.VisualStudio.CodeCoverage.Shim.dll /reference:C:\Users\erikv\.nuget\packages\microsoft.testplatform.testhost\17.12.0\lib\netcoreapp3.1\Microsoft.VisualStudio.TestPlatform.Common.dll /reference:C:\Users\erikv\.nuget\packages\microsoft.testplatform.testhost\17.12.0\lib\netcoreapp3.1\Microsoft.VisualStudio.TestPlatform.ObjectModel.dll /reference:C:\Users\erikv\.nuget\packages\microsoft.netcore.app.ref\9.0.11\ref\net9.0\Microsoft.Win32.Primitives.dll /reference:C:\Users\erikv\.nuget\packages\microsoft.netcore.app.ref\9.0.11\ref\net9.0\Microsoft.Win32.Registry.dll /reference:C:\Users\erikv\.nuget\packages\microsoft.netcore.app.ref\9.0.11\ref\net9.0\mscorlib.dll /reference:C:\Users\erikv\.nuget\packages\microsoft.netcore.app.ref\9.0.11\ref\net9.0\netstandard.dll /reference:C:\Users\erikv\.nuget\packages\newtonsoft.json\13.0.1\lib\netstandard2.0\Newtonsoft.Json.dll /reference:C:\Users\erikv\.nuget\packages\npgsql\9.0.2\lib\net8.0\Npgsql.dll /reference:C:\Users\erikv\.nuget\packages\npgsql.entityframeworkcore.postgresql\9.0.2\lib\net8.0\Npgsql.EntityFrameworkCore.PostgreSQL.dll /reference:C:\Users\erikv\.nuget\packages\microsoft.netcore.app.ref\9.0.11\ref\net9.0\System.AppContext.dll /reference:C:\Users\erikv\.nuget\packages\microsoft.netcore.app.ref\9.0.11\ref\net9.0\System.Buffers.dll /reference:C:\Users\erikv\.nuget\packages\microsoft.netcore.app.ref\9.0.11\ref\net9.0\System.Collections.Concurrent.dll /reference:C:\Users\erikv\.nuget\packages\microsoft.netcore.app.ref\9.0.11\ref\net9.0\System.Collections.dll /reference:C:\Users\erikv\.nuget\packages\microsoft.netcore.app.ref\9.0.11\ref\net9.0\System.Collections.Immutable.dll /reference:C:\Users\erikv\.nuget\packages\microsoft.netcore.app.ref\9.0.11\ref\net9.0\System.Collections.NonGeneric.dll /reference:C:\Users\erikv\.nuget\packages\microsoft.netcore.app.ref\9.0.11\ref\net9.0\System.Collections.Specialized.dll /reference:C:\Users\erikv\.nuget\packages\microsoft.netcore.app.ref\9.0.11\ref\net9.0\System.ComponentModel.Annotations.dll /reference:C:\Users\erikv\.nuget\packages\microsoft.netcore.app.ref\9.0.11\ref\net9.0\System.ComponentModel.DataAnnotations.dll /reference:C:\Users\erikv\.nuget\packages\microsoft.netcore.app.ref\9.0.11\ref\net9.0\System.ComponentModel.dll /reference:C:\Users\erikv\.nuget\packages\microsoft.netcore.app.ref\9.0.11\ref\net9.0\System.ComponentModel.EventBasedAsync.dll /reference:C:\Users\erikv\.nuget\packages\microsoft.netcore.app.ref\9.0.11\ref\net9.0\System.ComponentModel.Primitives.dll /reference:C:\Users\erikv\.nuget\packages\microsoft.netcore.app.ref\9.0.11\ref\net9.0\System.ComponentModel.TypeConverter.dll /reference:C:\Users\erikv\.nuget\packages\microsoft.netcore.app.ref\9.0.11\ref\net9.0\System.Configuration.dll /reference:C:\Users\erikv\.nuget\packages\microsoft.netcore.app.ref\9.0.11\ref\net9.0\System.Console.dll /reference:C:\Users\erikv\.nuget\packages\microsoft.netcore.app.ref\9.0.11\ref\net9.0\System.Core.dll /reference:C:\Users\erikv\.nuget\packages\microsoft.netcore.app.ref\9.0.11\ref\net9.0\System.Data.Common.dll /reference:C:\Users\erikv\.nuget\packages\microsoft.netcore.app.ref\9.0.11\ref\net9.0\System.Data.DataSetExtensions.dll /reference:C:\Users\erikv\.nuget\packages\microsoft.netcore.app.ref\9.0.11\ref\net9.0\System.Data.dll /reference:C:\Users\erikv\.nuget\packages\microsoft.netcore.app.ref\9.0.11\ref\net9.0\System.Diagnostics.Contracts.dll /reference:C:\Users\erikv\.nuget\packages\microsoft.netcore.app.ref\9.0.11\ref\net9.0\System.Diagnostics.Debug.dll /reference:C:\Users\erikv\.nuget\packages\microsoft.netcore.app.ref\9.0.11\ref\net9.0\System.Diagnostics.DiagnosticSource.dll /reference:C:\Users\erikv\.nuget\packages\microsoft.aspnetcore.app.ref\9.0.11\ref\net9.0\System.Diagnostics.EventLog.dll /reference:C:\Users\erikv\.nuget\packages\microsoft.netcore.app.ref\9.0.11\ref\net9.0\System.Diagnostics.FileVersionInfo.dll /reference:C:\Users\erikv\.nuget\packages\microsoft.netcore.app.ref\9.0.11\ref\net9.0\System.Diagnostics.Process.dll /reference:C:\Users\erikv\.nuget\packages\microsoft.netcore.app.ref\9.0.11\ref\net9.0\System.Diagnostics.StackTrace.dll /reference:C:\Users\erikv\.nuget\packages\microsoft.netcore.app.ref\9.0.11\ref\net9.0\System.Diagnostics.TextWriterTraceListener.dll /reference:C:\Users\erikv\.nuget\packages\microsoft.netcore.app.ref\9.0.11\ref\net9.0\System.Diagnostics.Tools.dll /reference:C:\Users\erikv\.nuget\packages\microsoft.netcore.app.ref\9.0.11\ref\net9.0\System.Diagnostics.TraceSource.dll /reference:C:\Users\erikv\.nuget\packages\microsoft.netcore.app.ref\9.0.11\ref\net9.0\System.Diagnostics.Tracing.dll /reference:C:\Users\erikv\.nuget\packages\microsoft.netcore.app.ref\9.0.11\ref\net9.0\System.dll /reference:C:\Users\erikv\.nuget\packages\microsoft.netcore.app.ref\9.0.11\ref\net9.0\System.Drawing.dll /reference:C:\Users\erikv\.nuget\packages\microsoft.netcore.app.ref\9.0.11\ref\net9.0\System.Drawing.Primitives.dll /reference:C:\Users\erikv\.nuget\packages\microsoft.netcore.app.ref\9.0.11\ref\net9.0\System.Dynamic.Runtime.dll /reference:C:\Users\erikv\.nuget\packages\microsoft.netcore.app.ref\9.0.11\ref\net9.0\System.Formats.Asn1.dll /reference:C:\Users\erikv\.nuget\packages\microsoft.netcore.app.ref\9.0.11\ref\net9.0\System.Formats.Tar.dll /reference:C:\Users\erikv\.nuget\packages\microsoft.netcore.app.ref\9.0.11\ref\net9.0\System.Globalization.Calendars.dll /reference:C:\Users\erikv\.nuget\packages\microsoft.netcore.app.ref\9.0.11\ref\net9.0\System.Globalization.dll /reference:C:\Users\erikv\.nuget\packages\microsoft.netcore.app.ref\9.0.11\ref\net9.0\System.Globalization.Extensions.dll /reference:C:\Users\erikv\.nuget\packages\system.identitymodel.tokens.jwt\8.2.1\lib\net9.0\System.IdentityModel.Tokens.Jwt.dll /reference:C:\Users\erikv\.nuget\packages\microsoft.netcore.app.ref\9.0.11\ref\net9.0\System.IO.Compression.Brotli.dll /reference:C:\Users\erikv\.nuget\packages\microsoft.netcore.app.ref\9.0.11\ref\net9.0\System.IO.Compression.dll /reference:C:\Users\erikv\.nuget\packages\microsoft.netcore.app.ref\9.0.11\ref\net9.0\System.IO.Compression.FileSystem.dll /reference:C:\Users\erikv\.nuget\packages\microsoft.netcore.app.ref\9.0.11\ref\net9.0\System.IO.Compression.ZipFile.dll /reference:C:\Users\erikv\.nuget\packages\microsoft.netcore.app.ref\9.0.11\ref\net9.0\System.IO.dll /reference:C:\Users\erikv\.nuget\packages\microsoft.netcore.app.ref\9.0.11\ref\net9.0\System.IO.FileSystem.AccessControl.dll /reference:C:\Users\erikv\.nuget\packages\microsoft.netcore.app.ref\9.0.11\ref\net9.0\System.IO.FileSystem.dll /reference:C:\Users\erikv\.nuget\packages\microsoft.netcore.app.ref\9.0.11\ref\net9.0\System.IO.FileSystem.DriveInfo.dll /reference:C:\Users\erikv\.nuget\packages\microsoft.netcore.app.ref\9.0.11\ref\net9.0\System.IO.FileSystem.Primitives.dll /reference:C:\Users\erikv\.nuget\packages\microsoft.netcore.app.ref\9.0.11\ref\net9.0\System.IO.FileSystem.Watcher.dll /reference:C:\Users\erikv\.nuget\packages\microsoft.netcore.app.ref\9.0.11\ref\net9.0\System.IO.IsolatedStorage.dll /reference:C:\Users\erikv\.nuget\packages\microsoft.netcore.app.ref\9.0.11\ref\net9.0\System.IO.MemoryMappedFiles.dll /reference:C:\Users\erikv\.nuget\packages\microsoft.netcore.app.ref\9.0.11\ref\net9.0\System.IO.Pipelines.dll /reference:C:\Users\erikv\.nuget\packages\microsoft.netcore.app.ref\9.0.11\ref\net9.0\System.IO.Pipes.AccessControl.dll /reference:C:\Users\erikv\.nuget\packages\microsoft.netcore.app.ref\9.0.11\ref\net9.0\System.IO.Pipes.dll /reference:C:\Users\erikv\.nuget\packages\microsoft.netcore.app.ref\9.0.11\ref\net9.0\System.IO.UnmanagedMemoryStream.dll /reference:C:\Users\erikv\.nuget\packages\microsoft.netcore.app.ref\9.0.11\ref\net9.0\System.Linq.dll /reference:C:\Users\erikv\.nuget\packages\microsoft.netcore.app.ref\9.0.11\ref\net9.0\System.Linq.Expressions.dll /reference:C:\Users\erikv\.nuget\packages\microsoft.netcore.app.ref\9.0.11\ref\net9.0\System.Linq.Parallel.dll /reference:C:\Users\erikv\.nuget\packages\microsoft.netcore.app.ref\9.0.11\ref\net9.0\System.Linq.Queryable.dll /reference:C:\Users\erikv\.nuget\packages\microsoft.netcore.app.ref\9.0.11\ref\net9.0\System.Memory.dll /reference:C:\Users\erikv\.nuget\packages\microsoft.netcore.app.ref\9.0.11\ref\net9.0\System.Net.dll /reference:C:\Users\erikv\.nuget\packages\microsoft.netcore.app.ref\9.0.11\ref\net9.0\System.Net.Http.dll /reference:C:\Users\erikv\.nuget\packages\microsoft.netcore.app.ref\9.0.11\ref\net9.0\System.Net.Http.Json.dll /reference:C:\Users\erikv\.nuget\packages\microsoft.netcore.app.ref\9.0.11\ref\net9.0\System.Net.HttpListener.dll /reference:C:\Users\erikv\.nuget\packages\microsoft.netcore.app.ref\9.0.11\ref\net9.0\System.Net.Mail.dll /reference:C:\Users\erikv\.nuget\packages\microsoft.netcore.app.ref\9.0.11\ref\net9.0\System.Net.NameResolution.dll /reference:C:\Users\erikv\.nuget\packages\microsoft.netcore.app.ref\9.0.11\ref\net9.0\System.Net.NetworkInformation.dll /reference:C:\Users\erikv\.nuget\packages\microsoft.netcore.app.ref\9.0.11\ref\net9.0\System.Net.Ping.dll /reference:C:\Users\erikv\.nuget\packages\microsoft.netcore.app.ref\9.0.11\ref\net9.0\System.Net.Primitives.dll /reference:C:\Users\erikv\.nuget\packages\microsoft.netcore.app.ref\9.0.11\ref\net9.0\System.Net.Quic.dll /reference:C:\Users\erikv\.nuget\packages\microsoft.netcore.app.ref\9.0.11\ref\net9.0\System.Net.Requests.dll /reference:C:\Users\erikv\.nuget\packages\microsoft.netcore.app.ref\9.0.11\ref\net9.0\System.Net.Security.dll /reference:C:\Users\erikv\.nuget\packages\microsoft.netcore.app.ref\9.0.11\ref\net9.0\System.Net.ServicePoint.dll /reference:C:\Users\erikv\.nuget\packages\microsoft.netcore.app.ref\9.0.11\ref\net9.0\System.Net.Sockets.dll /reference:C:\Users\erikv\.nuget\packages\microsoft.netcore.app.ref\9.0.11\ref\net9.0\System.Net.WebClient.dll /reference:C:\Users\erikv\.nuget\packages\microsoft.netcore.app.ref\9.0.11\ref\net9.0\System.Net.WebHeaderCollection.dll /reference:C:\Users\erikv\.nuget\packages\microsoft.netcore.app.ref\9.0.11\ref\net9.0\System.Net.WebProxy.dll /reference:C:\Users\erikv\.nuget\packages\microsoft.netcore.app.ref\9.0.11\ref\net9.0\System.Net.WebSockets.Client.dll /reference:C:\Users\erikv\.nuget\packages\microsoft.netcore.app.ref\9.0.11\ref\net9.0\System.Net.WebSockets.dll /reference:C:\Users\erikv\.nuget\packages\microsoft.netcore.app.ref\9.0.11\ref\net9.0\System.Numerics.dll /reference:C:\Users\erikv\.nuget\packages\microsoft.netcore.app.ref\9.0.11\ref\net9.0\System.Numerics.Vectors.dll /reference:C:\Users\erikv\.nuget\packages\microsoft.netcore.app.ref\9.0.11\ref\net9.0\System.ObjectModel.dll /reference:C:\Users\erikv\.nuget\packages\microsoft.netcore.app.ref\9.0.11\ref\net9.0\System.Reflection.DispatchProxy.dll /reference:C:\Users\erikv\.nuget\packages\microsoft.netcore.app.ref\9.0.11\ref\net9.0\System.Reflection.dll /reference:C:\Users\erikv\.nuget\packages\microsoft.netcore.app.ref\9.0.11\ref\net9.0\System.Reflection.Emit.dll /reference:C:\Users\erikv\.nuget\packages\microsoft.netcore.app.ref\9.0.11\ref\net9.0\System.Reflection.Emit.ILGeneration.dll /reference:C:\Users\erikv\.nuget\packages\microsoft.netcore.app.ref\9.0.11\ref\net9.0\System.Reflection.Emit.Lightweight.dll /reference:C:\Users\erikv\.nuget\packages\microsoft.netcore.app.ref\9.0.11\ref\net9.0\System.Reflection.Extensions.dll /reference:C:\Users\erikv\.nuget\packages\microsoft.netcore.app.ref\9.0.11\ref\net9.0\System.Reflection.Metadata.dll /reference:C:\Users\erikv\.nuget\packages\microsoft.netcore.app.ref\9.0.11\ref\net9.0\System.Reflection.Primitives.dll /reference:C:\Users\erikv\.nuget\packages\microsoft.netcore.app.ref\9.0.11\ref\net9.0\System.Reflection.TypeExtensions.dll /reference:C:\Users\erikv\.nuget\packages\microsoft.netcore.app.ref\9.0.11\ref\net9.0\System.Resources.Reader.dll /reference:C:\Users\erikv\.nuget\packages\microsoft.netcore.app.ref\9.0.11\ref\net9.0\System.Resources.ResourceManager.dll /reference:C:\Users\erikv\.nuget\packages\microsoft.netcore.app.ref\9.0.11\ref\net9.0\System.Resources.Writer.dll /reference:C:\Users\erikv\.nuget\packages\microsoft.netcore.app.ref\9.0.11\ref\net9.0\System.Runtime.CompilerServices.Unsafe.dll /reference:C:\Users\erikv\.nuget\packages\microsoft.netcore.app.ref\9.0.11\ref\net9.0\System.Runtime.CompilerServices.VisualC.dll /reference:C:\Users\erikv\.nuget\packages\microsoft.netcore.app.ref\9.0.11\ref\net9.0\System.Runtime.dll /reference:C:\Users\erikv\.nuget\packages\microsoft.netcore.app.ref\9.0.11\ref\net9.0\System.Runtime.Extensions.dll /reference:C:\Users\erikv\.nuget\packages\microsoft.netcore.app.ref\9.0.11\ref\net9.0\System.Runtime.Handles.dll /reference:C:\Users\erikv\.nuget\packages\microsoft.netcore.app.ref\9.0.11\ref\net9.0\System.Runtime.InteropServices.dll /reference:C:\Users\erikv\.nuget\packages\microsoft.netcore.app.ref\9.0.11\ref\net9.0\System.Runtime.InteropServices.JavaScript.dll /reference:C:\Users\erikv\.nuget\packages\microsoft.netcore.app.ref\9.0.11\ref\net9.0\System.Runtime.InteropServices.RuntimeInformation.dll /reference:C:\Users\erikv\.nuget\packages\microsoft.netcore.app.ref\9.0.11\ref\net9.0\System.Runtime.Intrinsics.dll /reference:C:\Users\erikv\.nuget\packages\microsoft.netcore.app.ref\9.0.11\ref\net9.0\System.Runtime.Loader.dll /reference:C:\Users\erikv\.nuget\packages\microsoft.netcore.app.ref\9.0.11\ref\net9.0\System.Runtime.Numerics.dll /reference:C:\Users\erikv\.nuget\packages\microsoft.netcore.app.ref\9.0.11\ref\net9.0\System.Runtime.Serialization.dll /reference:C:\Users\erikv\.nuget\packages\microsoft.netcore.app.ref\9.0.11\ref\net9.0\System.Runtime.Serialization.Formatters.dll /reference:C:\Users\erikv\.nuget\packages\microsoft.netcore.app.ref\9.0.11\ref\net9.0\System.Runtime.Serialization.Json.dll /reference:C:\Users\erikv\.nuget\packages\microsoft.netcore.app.ref\9.0.11\ref\net9.0\System.Runtime.Serialization.Primitives.dll /reference:C:\Users\erikv\.nuget\packages\microsoft.netcore.app.ref\9.0.11\ref\net9.0\System.Runtime.Serialization.Xml.dll /reference:C:\Users\erikv\.nuget\packages\microsoft.netcore.app.ref\9.0.11\ref\net9.0\System.Security.AccessControl.dll /reference:C:\Users\erikv\.nuget\packages\microsoft.netcore.app.ref\9.0.11\ref\net9.0\System.Security.Claims.dll /reference:C:\Users\erikv\.nuget\packages\microsoft.netcore.app.ref\9.0.11\ref\net9.0\System.Security.Cryptography.Algorithms.dll /reference:C:\Users\erikv\.nuget\packages\microsoft.netcore.app.ref\9.0.11\ref\net9.0\System.Security.Cryptography.Cng.dll /reference:C:\Users\erikv\.nuget\packages\microsoft.netcore.app.ref\9.0.11\ref\net9.0\System.Security.Cryptography.Csp.dll /reference:C:\Users\erikv\.nuget\packages\microsoft.netcore.app.ref\9.0.11\ref\net9.0\System.Security.Cryptography.dll /reference:C:\Users\erikv\.nuget\packages\microsoft.netcore.app.ref\9.0.11\ref\net9.0\System.Security.Cryptography.Encoding.dll /reference:C:\Users\erikv\.nuget\packages\microsoft.netcore.app.ref\9.0.11\ref\net9.0\System.Security.Cryptography.OpenSsl.dll /reference:C:\Users\erikv\.nuget\packages\microsoft.netcore.app.ref\9.0.11\ref\net9.0\System.Security.Cryptography.Primitives.dll /reference:C:\Users\erikv\.nuget\packages\microsoft.netcore.app.ref\9.0.11\ref\net9.0\System.Security.Cryptography.X509Certificates.dll /reference:C:\Users\erikv\.nuget\packages\microsoft.aspnetcore.app.ref\9.0.11\ref\net9.0\System.Security.Cryptography.Xml.dll /reference:C:\Users\erikv\.nuget\packages\microsoft.netcore.app.ref\9.0.11\ref\net9.0\System.Security.dll /reference:C:\Users\erikv\.nuget\packages\microsoft.netcore.app.ref\9.0.11\ref\net9.0\System.Security.Principal.dll /reference:C:\Users\erikv\.nuget\packages\microsoft.netcore.app.ref\9.0.11\ref\net9.0\System.Security.Principal.Windows.dll /reference:C:\Users\erikv\.nuget\packages\microsoft.netcore.app.ref\9.0.11\ref\net9.0\System.Security.SecureString.dll /reference:C:\Users\erikv\.nuget\packages\microsoft.netcore.app.ref\9.0.11\ref\net9.0\System.ServiceModel.Web.dll /reference:C:\Users\erikv\.nuget\packages\microsoft.netcore.app.ref\9.0.11\ref\net9.0\System.ServiceProcess.dll /reference:C:\Users\erikv\.nuget\packages\microsoft.netcore.app.ref\9.0.11\ref\net9.0\System.Text.Encoding.CodePages.dll /reference:C:\Users\erikv\.nuget\packages\microsoft.netcore.app.ref\9.0.11\ref\net9.0\System.Text.Encoding.dll /reference:C:\Users\erikv\.nuget\packages\microsoft.netcore.app.ref\9.0.11\ref\net9.0\System.Text.Encoding.Extensions.dll /reference:C:\Users\erikv\.nuget\packages\microsoft.netcore.app.ref\9.0.11\ref\net9.0\System.Text.Encodings.Web.dll /reference:C:\Users\erikv\.nuget\packages\microsoft.netcore.app.ref\9.0.11\ref\net9.0\System.Text.Json.dll /reference:C:\Users\erikv\.nuget\packages\microsoft.netcore.app.ref\9.0.11\ref\net9.0\System.Text.RegularExpressions.dll /reference:C:\Users\erikv\.nuget\packages\microsoft.netcore.app.ref\9.0.11\ref\net9.0\System.Threading.Channels.dll /reference:C:\Users\erikv\.nuget\packages\microsoft.netcore.app.ref\9.0.11\ref\net9.0\System.Threading.dll /reference:C:\Users\erikv\.nuget\packages\microsoft.netcore.app.ref\9.0.11\ref\net9.0\System.Threading.Overlapped.dll /reference:C:\Users\erikv\.nuget\packages\microsoft.aspnetcore.app.ref\9.0.11\ref\net9.0\System.Threading.RateLimiting.dll /reference:C:\Users\erikv\.nuget\packages\microsoft.netcore.app.ref\9.0.11\ref\net9.0\System.Threading.Tasks.Dataflow.dll /reference:C:\Users\erikv\.nuget\packages\microsoft.netcore.app.ref\9.0.11\ref\net9.0\System.Threading.Tasks.dll /reference:C:\Users\erikv\.nuget\packages\microsoft.netcore.app.ref\9.0.11\ref\net9.0\System.Threading.Tasks.Extensions.dll /reference:C:\Users\erikv\.nuget\packages\microsoft.netcore.app.ref\9.0.11\ref\net9.0\System.Threading.Tasks.Parallel.dll /reference:C:\Users\erikv\.nuget\packages\microsoft.netcore.app.ref\9.0.11\ref\net9.0\System.Threading.Thread.dll /reference:C:\Users\erikv\.nuget\packages\microsoft.netcore.app.ref\9.0.11\ref\net9.0\System.Threading.ThreadPool.dll /reference:C:\Users\erikv\.nuget\packages\microsoft.netcore.app.ref\9.0.11\ref\net9.0\System.Threading.Timer.dll /reference:C:\Users\erikv\.nuget\packages\microsoft.netcore.app.ref\9.0.11\ref\net9.0\System.Transactions.dll /reference:C:\Users\erikv\.nuget\packages\microsoft.netcore.app.ref\9.0.11\ref\net9.0\System.Transactions.Local.dll /reference:C:\Users\erikv\.nuget\packages\microsoft.netcore.app.ref\9.0.11\ref\net9.0\System.ValueTuple.dll /reference:C:\Users\erikv\.nuget\packages\microsoft.netcore.app.ref\9.0.11\ref\net9.0\System.Web.dll /reference:C:\Users\erikv\.nuget\packages\microsoft.netcore.app.ref\9.0.11\ref\net9.0\System.Web.HttpUtility.dll /reference:C:\Users\erikv\.nuget\packages\microsoft.netcore.app.ref\9.0.11\ref\net9.0\System.Windows.dll /reference:C:\Users\erikv\.nuget\packages\microsoft.netcore.app.ref\9.0.11\ref\net9.0\System.Xml.dll /reference:C:\Users\erikv\.nuget\packages\microsoft.netcore.app.ref\9.0.11\ref\net9.0\System.Xml.Linq.dll /reference:C:\Users\erikv\.nuget\packages\microsoft.netcore.app.ref\9.0.11\ref\net9.0\System.Xml.ReaderWriter.dll /reference:C:\Users\erikv\.nuget\packages\microsoft.netcore.app.ref\9.0.11\ref\net9.0\System.Xml.Serialization.dll /reference:C:\Users\erikv\.nuget\packages\microsoft.netcore.app.ref\9.0.11\ref\net9.0\System.Xml.XDocument.dll /reference:C:\Users\erikv\.nuget\packages\microsoft.netcore.app.ref\9.0.11\ref\net9.0\System.Xml.XmlDocument.dll /reference:C:\Users\erikv\.nuget\packages\microsoft.netcore.app.ref\9.0.11\ref\net9.0\System.Xml.XmlSerializer.dll /reference:C:\Users\erikv\.nuget\packages\microsoft.netcore.app.ref\9.0.11\ref\net9.0\System.Xml.XPath.dll /reference:C:\Users\erikv\.nuget\packages\microsoft.netcore.app.ref\9.0.11\ref\net9.0\System.Xml.XPath.XDocument.dll /reference:C:\Users\erikv\.nuget\packages\microsoft.testplatform.testhost\17.12.0\lib\netcoreapp3.1\testhost.dll /reference:C:\Users\erikv\.nuget\packages\microsoft.netcore.app.ref\9.0.11\ref\net9.0\WindowsBase.dll /reference:C:\Users\erikv\.nuget\packages\xunit.abstractions\2.0.3\lib\netstandard2.0\xunit.abstractions.dll /reference:C:\Users\erikv\.nuget\packages\xunit.assert\2.9.2\lib\net6.0\xunit.assert.dll /reference:C:\Users\erikv\.nuget\packages\xunit.extensibility.core\2.9.2\lib\netstandard1.1\xunit.core.dll /reference:C:\Users\erikv\.nuget\packages\xunit.extensibility.execution\2.9.2\lib\netstandard1.1\xunit.execution.dotnet.dll /debug+ /debug:portable /filealign:512 /optimize- /out:obj\Debug\net9.0\FootballPrediction.IntegrationTests.dll /refout:obj\Debug\net9.0\refint\FootballPrediction.IntegrationTests.dll /target:exe /warnaserror- /utf8output /deterministic+ /sourcelink:obj\Debug\net9.0\FootballPrediction.IntegrationTests.sourcelink.json /langversion:13.0 /embed:C:\Users\erikv\.nuget\packages\microsoft.net.test.sdk\17.12.0\build\netcoreapp3.1\Microsoft.NET.Test.Sdk.Program.cs /analyzerconfig:obj\Debug\net9.0\FootballPrediction.IntegrationTests.GeneratedMSBuildEditorConfig.editorconfig /analyzerconfig:"C:\Program Files\dotnet\sdk\10.0.100\Sdks\Microsoft.NET.Sdk\analyzers\build\config\analysislevel_9_default.globalconfig" /analyzer:"C:\Program Files\dotnet\sdk\10.0.100\Sdks\Microsoft.NET.Sdk\targets\..\analyzers\Microsoft.CodeAnalysis.CSharp.NetAnalyzers.dll" /analyzer:"C:\Program Files\dotnet\sdk\10.0.100\Sdks\Microsoft.NET.Sdk\targets\..\analyzers\Microsoft.CodeAnalysis.NetAnalyzers.dll" /analyzer:C:\Users\erikv\.nuget\packages\microsoft.entityframeworkcore.analyzers\9.0.0\analyzers\dotnet\cs\Microsoft.EntityFrameworkCore.Analyzers.dll /analyzer:C:\Users\erikv\.nuget\packages\xunit.analyzers\1.16.0\analyzers\dotnet\cs\xunit.analyzers.dll /analyzer:C:\Users\erikv\.nuget\packages\xunit.analyzers\1.16.0\analyzers\dotnet\cs\xunit.analyzers.fixes.dll /analyzer:C:\Users\erikv\.nuget\packages\microsoft.netcore.app.ref\9.0.11\analyzers/dotnet/cs/Microsoft.Interop.ComInterfaceGenerator.dll /analyzer:C:\Users\erikv\.nuget\packages\microsoft.netcore.app.ref\9.0.11\analyzers/dotnet/cs/Microsoft.Interop.JavaScript.JSImportGenerator.dll /analyzer:C:\Users\erikv\.nuget\packages\microsoft.netcore.app.ref\9.0.11\analyzers/dotnet/cs/Microsoft.Interop.LibraryImportGenerator.dll /analyzer:C:\Users\erikv\.nuget\packages\microsoft.netcore.app.ref\9.0.11\analyzers/dotnet/cs/Microsoft.Interop.SourceGeneration.dll /analyzer:C:\Users\erikv\.nuget\packages\microsoft.netcore.app.ref\9.0.11\analyzers/dotnet/cs/System.Text.Json.SourceGeneration.dll /analyzer:C:\Users\erikv\.nuget\packages\microsoft.netcore.app.ref\9.0.11\analyzers/dotnet/cs/System.Text.RegularExpressions.Generator.dll /analyzer:C:\Users\erikv\.nuget\packages\microsoft.aspnetcore.app.ref\9.0.11\analyzers/dotnet/cs/Microsoft.AspNetCore.App.Analyzers.dll /analyzer:C:\Users\erikv\.nuget\packages\microsoft.aspnetcore.app.ref\9.0.11\analyzers/dotnet/cs/Microsoft.AspNetCore.App.CodeFixes.dll /analyzer:C:\Users\erikv\.nuget\packages\microsoft.aspnetcore.app.ref\9.0.11\analyzers/dotnet/cs/Microsoft.AspNetCore.Components.Analyzers.dll /analyzer:C:\Users\erikv\.nuget\packages\microsoft.aspnetcore.app.ref\9.0.11\analyzers/dotnet/roslyn4.4/cs/Microsoft.Extensions.Logging.Generators.dll /analyzer:C:\Users\erikv\.nuget\packages\microsoft.aspnetcore.app.ref\9.0.11\analyzers/dotnet/roslyn4.4/cs/Microsoft.Extensions.Options.SourceGeneration.dll UnitTest1.cs C:\Users\erikv\.nuget\packages\microsoft.net.test.sdk\17.12.0\build\netcoreapp3.1\Microsoft.NET.Test.Sdk.Program.cs obj\Debug\net9.0\FootballPrediction.IntegrationTests.GlobalUsings.g.cs "obj\Debug\net9.0\.NETCoreApp,Version=v9.0.AssemblyAttributes.cs" obj\Debug\net9.0\FootballPrediction.IntegrationTests.AssemblyInfo.cs /warnaserror+:NU1605,SYSLIB0011'
         Attempt to open named pipe 'ajkw2UL2Zqc+SsY_d3eLYMBujd0Cv0uUpFHMDwpCQDs'
         Attempt to connect named pipe 'ajkw2UL2Zqc+SsY_d3eLYMBujd0Cv0uUpFHMDwpCQDs'
         Named pipe 'ajkw2UL2Zqc+SsY_d3eLYMBujd0Cv0uUpFHMDwpCQDs' connected
         Begin writing request for FootballPrediction.IntegrationTests (net9.0)
         End writing request for FootballPrediction.IntegrationTests (net9.0)
         Begin reading response for FootballPrediction.IntegrationTests (net9.0)
         End reading response for FootballPrediction.IntegrationTests (net9.0)
         CompilerServer: server - server processed compilation - FootballPrediction.IntegrationTests (net9.0)
       _CopyFilesMarkedCopyLocal:
         Copying file from "C:\Projects\football-prediction-pwa\backend\src\FootballPrediction.Application\bin\Debug\net9.0\FootballPrediction.Application.pdb" to "C:\Projects\football-prediction-pwa\backend\tests\FootballPrediction.IntegrationTests\bin\Debug\net9.0\FootballPrediction.Application.pdb".
         Copying file from "C:\Projects\football-prediction-pwa\backend\src\FootballPrediction.Infrastructure\bin\Debug\net9.0\FootballPrediction.Infrastructure.dll" to "C:\Projects\football-prediction-pwa\backend\tests\FootballPrediction.IntegrationTests\bin\Debug\net9.0\FootballPrediction.Infrastructure.dll".
         Copying file from "C:\Projects\football-prediction-pwa\backend\src\FootballPrediction.Application\bin\Debug\net9.0\FootballPrediction.Application.dll" to "C:\Projects\football-prediction-pwa\backend\tests\FootballPrediction.IntegrationTests\bin\Debug\net9.0\FootballPrediction.Application.dll".
         Copying file from "C:\Projects\football-prediction-pwa\backend\src\FootballPrediction.Domain\bin\Debug\net9.0\FootballPrediction.Domain.dll" to "C:\Projects\football-prediction-pwa\backend\tests\FootballPrediction.IntegrationTests\bin\Debug\net9.0\FootballPrediction.Domain.dll".
         Copying file from "C:\Projects\football-prediction-pwa\backend\src\FootballPrediction.Api\bin\Debug\net9.0\FootballPrediction.Api.dll" to "C:\Projects\football-prediction-pwa\backend\tests\FootballPrediction.IntegrationTests\bin\Debug\net9.0\FootballPrediction.Api.dll".
         Copying file from "C:\Projects\football-prediction-pwa\backend\src\FootballPrediction.Infrastructure\bin\Debug\net9.0\FootballPrediction.Infrastructure.pdb" to "C:\Projects\football-prediction-pwa\backend\tests\FootballPrediction.IntegrationTests\bin\Debug\net9.0\FootballPrediction.Infrastructure.pdb".
         Copying file from "C:\Projects\football-prediction-pwa\backend\src\FootballPrediction.Domain\bin\Debug\net9.0\FootballPrediction.Domain.pdb" to "C:\Projects\football-prediction-pwa\backend\tests\FootballPrediction.IntegrationTests\bin\Debug\net9.0\FootballPrediction.Domain.pdb".
         Copying file from "C:\Projects\football-prediction-pwa\backend\src\FootballPrediction.Api\bin\Debug\net9.0\FootballPrediction.Api.pdb" to "C:\Projects\football-prediction-pwa\backend\tests\FootballPrediction.IntegrationTests\bin\Debug\net9.0\FootballPrediction.Api.pdb".
         Touching "C:\Projects\football-prediction-pwa\backend\tests\FootballPrediction.IntegrationTests\obj\Debug\net9.0\Football.4F9FC371.Up2Date".
       _CopyOutOfDateSourceItemsToOutputDirectory:
       Building target "_CopyOutOfDateSourceItemsToOutputDirectory" partially, because some output files are out of date with respect to their input files.
         Copying file from "C:\Projects\football-prediction-pwa\backend\src\FootballPrediction.Api\obj\Debug\net9.0\apphost.exe" to "C:\Projects\football-prediction-pwa\backend\tests\FootballPrediction.IntegrationTests\bin\Debug\net9.0\FootballPrediction.Api.exe".
         Copying file from "C:\Projects\football-prediction-pwa\backend\tests\FootballPrediction.IntegrationTests\obj\Debug\net9.0\MvcTestingAppManifest.json" to "C:\Projects\football-prediction-pwa\backend\tests\FootballPrediction.IntegrationTests\bin\Debug\net9.0\MvcTestingAppManifest.json".
       GenerateBuildDependencyFile:
       Skipping target "GenerateBuildDependencyFile" because all output files are up-to-date with respect to the input files.
       GenerateBuildRuntimeConfigurationFiles:
       Skipping target "GenerateBuildRuntimeConfigurationFiles" because all output files are up-to-date with respect to the input files.
       CopyFilesToOutputDirectory:
         Copying file from "C:\Projects\football-prediction-pwa\backend\tests\FootballPrediction.IntegrationTests\obj\Debug\net9.0\FootballPrediction.IntegrationTests.dll" to "C:\Projects\football-prediction-pwa\backend\tests\FootballPrediction.IntegrationTests\bin\Debug\net9.0\FootballPrediction.IntegrationTests.dll".
         Copying reference assembly from "obj\Debug\net9.0\refint\FootballPrediction.IntegrationTests.dll" to "C:\Projects\football-prediction-pwa\backend\tests\FootballPrediction.IntegrationTests\obj\Debug\net9.0\ref\FootballPrediction.IntegrationTests.dll".
         FootballPrediction.IntegrationTests -> C:\Projects\football-prediction-pwa\backend\tests\FootballPrediction.IntegrationTests\bin\Debug\net9.0\FootballPrediction.IntegrationTests.dll
         Copying file from "C:\Projects\football-prediction-pwa\backend\tests\FootballPrediction.IntegrationTests\obj\Debug\net9.0\FootballPrediction.IntegrationTests.pdb" to "C:\Projects\football-prediction-pwa\backend\tests\FootballPrediction.IntegrationTests\bin\Debug\net9.0\FootballPrediction.IntegrationTests.pdb".
[xUnit.net 00:00:00.00] xUnit.net VSTest Adapter v2.8.2+699d445a1a (64-bit .NET 9.0.6)
       _MvcCopyDependencyFiles:
         Copying file from "C:\Projects\football-prediction-pwa\backend\src\FootballPrediction.Api\bin\Debug\net9.0\FootballPrediction.Api.deps.json" to "C:\Projects\football-prediction-pwa\backend\tests\FootballPrediction.IntegrationTests\bin\Debug\net9.0\FootballPrediction.Api.deps.json".
         Copying file from "C:\Projects\football-prediction-pwa\backend\src\FootballPrediction.Application\bin\Debug\net9.0\FootballPrediction.Application.deps.json" to "C:\Projects\football-prediction-pwa\backend\tests\FootballPrediction.IntegrationTests\bin\Debug\net9.0\FootballPrediction.Application.deps.json".
         Copying file from "C:\Projects\football-prediction-pwa\backend\src\FootballPrediction.Domain\bin\Debug\net9.0\FootballPrediction.Domain.deps.json" to "C:\Projects\football-prediction-pwa\backend\tests\FootballPrediction.IntegrationTests\bin\Debug\net9.0\FootballPrediction.Domain.deps.json".
         Copying file from "C:\Projects\football-prediction-pwa\backend\src\FootballPrediction.Infrastructure\bin\Debug\net9.0\FootballPrediction.Infrastructure.deps.json" to "C:\Projects\football-prediction-pwa\backend\tests\FootballPrediction.IntegrationTests\bin\Debug\net9.0\FootballPrediction.Infrastructure.deps.json".
     7>Done Building Project "C:\Projects\football-prediction-pwa\backend\tests\FootballPrediction.IntegrationTests\FootballPrediction.IntegrationTests.csproj" (default targets).
     7>BuildProject:
         Build completed.
         
Test run for C:\Projects\football-prediction-pwa\backend\tests\FootballPrediction.IntegrationTests\bin\Debug\net9.0\FootballPrediction.IntegrationTests.dll (.NETCoreApp,Version=v9.0)
[xUnit.net 00:00:00.13]   Discovering: FootballPrediction.UnitTests
[xUnit.net 00:00:00.19]   Discovered:  FootballPrediction.UnitTests
[xUnit.net 00:00:00.20]   Starting:    FootballPrediction.UnitTests
VSTest version 18.0.1 (x64)

  Passed FootballPrediction.UnitTests.UnitTest1.Test1 [3 ms]
  Passed FootballPrediction.UnitTests.Services.ScoringServiceTests.CalculatePoints_TestCase3_WinnerOnly_Returns3Points [9 ms]
  Passed FootballPrediction.UnitTests.Services.ScoringServiceTests.CalculatePoints_HomeScoreCorrect_WrongWinner_Returns1Point [< 1 ms]
  Passed FootballPrediction.UnitTests.Services.ScoringServiceTests.CalculatePoints_AwayScoreCorrect_Returns1Point [< 1 ms]
  Passed FootballPrediction.UnitTests.Services.ScoringServiceTests.CalculatePoints_ExactScore_Returns5Points [< 1 ms]
  Passed FootballPrediction.UnitTests.Services.ScoringServiceTests.CalculatePoints_ActualAwayNull_Returns0Points [< 1 ms]
  Passed FootballPrediction.UnitTests.Services.ScoringServiceTests.CalculatePoints_TestCase1_ExactScore_Returns5Points [< 1 ms]
  Passed FootballPrediction.UnitTests.Services.ScoringServiceTests.CalculatePoints_CorrectWinnerAndDifference_BothDraws_Returns4Points [< 1 ms]
  Passed FootballPrediction.UnitTests.Services.ScoringServiceTests.CalculatePoints_TestCase2_WinnerAndDifference_Returns4Points [< 1 ms]
  Passed FootballPrediction.UnitTests.Services.ScoringServiceTests.CalculatePoints_LargeDifference_CorrectWinnerAndDiff_Returns4Points [< 1 ms]
  Passed FootballPrediction.UnitTests.Services.ScoringServiceTests.CalculatePoints_ExactScore_HighScore_Returns5Points [< 1 ms]
  Passed FootballPrediction.UnitTests.Services.ScoringServiceTests.CalculatePoints_CorrectWinnerAndDifference_AwayWin_Returns4Points [< 1 ms]
  Passed FootballPrediction.UnitTests.Services.ScoringServiceTests.CalculatePoints_NoMatch_WrongWinner_Returns0Points [< 1 ms]
  Passed FootballPrediction.UnitTests.Services.ScoringServiceTests.CalculatePoints_AllNull_Returns0Points [< 1 ms]
  Passed FootballPrediction.UnitTests.Services.ScoringServiceTests.CalculatePoints_PredictedHomeNull_Returns0Points [< 1 ms]
  Passed FootballPrediction.UnitTests.Services.ScoringServiceTests.CalculatePoints_ExactScore_Draw_Returns5Points [< 1 ms]
  Passed FootballPrediction.UnitTests.Services.ScoringServiceTests.CalculatePoints_ZeroZero_ExactMatch_Returns5Points [< 1 ms]
  Passed FootballPrediction.UnitTests.Services.ScoringServiceTests.CalculatePoints_CorrectWinnerAndDifference_HomeWin_Returns4Points [< 1 ms]
  Passed FootballPrediction.UnitTests.Services.ScoringServiceTests.CalculatePoints_CorrectWinnerOnly_HomeWin_Returns3Points [< 1 ms]
  Passed FootballPrediction.UnitTests.Services.ScoringServiceTests.CalculatePoints_HighScoringGame_ExactMatch_Returns5Points [< 1 ms]
  Passed FootballPrediction.UnitTests.Services.ScoringServiceTests.CalculatePoints_PredictedAwayNull_Returns0Points [< 1 ms]
  Passed FootballPrediction.UnitTests.Services.ScoringServiceTests.CalculatePoints_NoMatch_CompletelyWrong_Returns0Points [< 1 ms]
  Passed FootballPrediction.UnitTests.Services.ScoringServiceTests.CalculatePoints_CorrectWinnerOnly_AwayWin_Returns3Points [< 1 ms]
  Passed FootballPrediction.UnitTests.Services.ScoringServiceTests.CalculatePoints_HomeScoreCorrect_Alternative_Returns1Point [< 1 ms]
  Passed FootballPrediction.UnitTests.Services.ScoringServiceTests.CalculatePoints_TestCase4_CorrectWinner_Returns3Points [< 1 ms]
  Passed FootballPrediction.UnitTests.Services.ScoringServiceTests.CalculatePoints_ActualHomeNull_Returns0Points [< 1 ms]
  Passed FootballPrediction.UnitTests.Services.ScoringServiceTests.CalculatePoints_TestCase5_DrawPrediction_CorrectWinnerAndDiff_Returns4Points [< 1 ms]
  Passed FootballPrediction.UnitTests.Services.ScoringServiceTests.CalculatePoints_CorrectWinnerOnly_DifferentDifference_Returns3Points [< 1 ms]
  Passed FootballPrediction.UnitTests.Services.ScoringServiceTests.CalculatePoints_CorrectWinnerAndDifference_LargeDifference_Returns4Points [< 1 ms]
  Passed FootballPrediction.UnitTests.Services.MatchResultServiceTests.EnterResultAsync_AppliesStageMultiplier_ForFinal [137 ms]
  Passed FootballPrediction.UnitTests.Services.LeaderboardServiceTests.CalculateAndApplyWeeklyBonusesAsync_SplitsBonusOnTie [139 ms]
  Passed FootballPrediction.UnitTests.Services.MatchResultServiceTests.EnterResultAsync_UpdatesMatchAndCalculatesPoints_WithGroupStageMultiplier [12 ms]
  Passed FootballPrediction.UnitTests.Services.LeaderboardServiceTests.GetWeeklyLeaderboardAsync_ReturnsOrderedByWeeklyPoints [11 ms]
  Passed FootballPrediction.UnitTests.Services.MatchResultServiceTests.EnterResultAsync_HandlesNoPredictions [3 ms]
  Passed FootballPrediction.UnitTests.Services.LeaderboardServiceTests.CalculateAndApplyWeeklyBonusesAsync_RemovesExistingBonuses [4 ms]
  Passed FootballPrediction.UnitTests.Services.MatchResultServiceTests.EnterResultAsync_ThrowsException_WhenMatchNotFound [5 ms]
  Passed FootballPrediction.UnitTests.Services.MatchResultServiceTests.EnterResultAsync_ThrowsException_WhenMatchAlreadyFinished [1 ms]
  Passed FootballPrediction.UnitTests.Services.LeaderboardServiceTests.CalculateAndApplyWeeklyBonusesAsync_AwardsCorrectBonuses [6 ms]
  Passed FootballPrediction.UnitTests.Services.LeaderboardServiceTests.GetOverallLeaderboardAsync_CalculatesExactScoresCorrectly [10 ms]
Starting test execution, please wait...
A total of 1 test files matched the specified pattern.
  Passed FootballPrediction.UnitTests.Services.LeaderboardServiceTests.GetOverallLeaderboardAsync_ReturnsOrderedByTotalPoints [5 ms]
  Passed FootballPrediction.UnitTests.Services.LeaderboardServiceTests.CalculateAndApplyWeeklyBonusesAsync_DoesNothingWhenNoMatches [3 ms]
  Passed FootballPrediction.UnitTests.Repositories.MatchRepositoryTests.StageMultiplier_ReturnsCorrectValue [1 s]
  Passed FootballPrediction.UnitTests.Repositories.GameWeekRepositoryTests.ExistsAsync_ReturnsFalse_WhenGameWeekDoesNotExist [1 s]
  Passed FootballPrediction.UnitTests.Repositories.TournamentRepositoryTests.GetByIdAsync_ReturnsNull_WhenNotFound [1 s]
  Passed FootballPrediction.UnitTests.Repositories.GameWeekRepositoryTests.ExistsAsync_ReturnsTrue_WhenGameWeekExists [48 ms]
  Passed FootballPrediction.UnitTests.Repositories.MatchRepositoryTests.GetFinishedAsync_ReturnsOnlyFinishedMatches_OrderedByKickoffDescending [115 ms]
  Passed FootballPrediction.UnitTests.Repositories.TournamentRepositoryTests.GetAllAsync_ReturnsTournaments_OrderedByStartDateDescending [41 ms]
  Passed FootballPrediction.UnitTests.Repositories.GameWeekRepositoryTests.GetByIdAsync_ReturnsCorrectGameWeek [16 ms]
  Passed FootballPrediction.UnitTests.Repositories.TournamentRepositoryTests.ExistsAsync_ReturnsFalse_WhenTournamentDoesNotExist [39 ms]
  Passed FootballPrediction.UnitTests.Repositories.MatchRepositoryTests.GetByIdAsync_ReturnsNull_WhenNotFound [43 ms]
  Passed FootballPrediction.UnitTests.Repositories.GameWeekRepositoryTests.GetByTournamentIdAsync_ReturnsGameWeeks_OrderedByWeekNumber [45 ms]
  Passed FootballPrediction.UnitTests.Repositories.GameWeekRepositoryTests.GetByTournamentIdAsync_ReturnsEmpty_WhenNoGameWeeksExist [3 ms]
  Passed FootballPrediction.UnitTests.Repositories.TournamentRepositoryTests.GetActiveAsync_ReturnsActiveTournament [12 ms]
  Passed FootballPrediction.UnitTests.Repositories.GameWeekRepositoryTests.GetByIdAsync_ReturnsNull_WhenNotFound [3 ms]
  Passed FootballPrediction.UnitTests.Repositories.TournamentRepositoryTests.GetByIdAsync_ReturnsCorrectTournament [2 ms]
  Passed FootballPrediction.UnitTests.Repositories.TournamentRepositoryTests.ExistsAsync_ReturnsTrue_WhenTournamentExists [3 ms]
  Passed FootballPrediction.UnitTests.Repositories.MatchRepositoryTests.GetUpcomingAsync_ReturnsOnlyUpcomingMatches [18 ms]
[xUnit.net 00:00:00.00] xUnit.net VSTest Adapter v2.8.2+699d445a1a (64-bit .NET 9.0.6)
[xUnit.net 00:00:00.16]   Discovering: FootballPrediction.IntegrationTests
[xUnit.net 00:00:00.20]   Discovered:  FootballPrediction.IntegrationTests
[xUnit.net 00:00:00.21]   Starting:    FootballPrediction.IntegrationTests
[xUnit.net 00:00:00.31]   Finished:    FootballPrediction.IntegrationTests
  Passed FootballPrediction.UnitTests.Repositories.MatchRepositoryTests.ExistsAsync_ReturnsFalse_WhenMatchDoesNotExist [12 ms]
  Passed FootballPrediction.UnitTests.Repositories.PredictionRepositoryTests.DeleteAsync_RemovesPrediction [1 s]
  Passed FootballPrediction.UnitTests.Repositories.MatchRepositoryTests.GetByGameWeekIdAsync_ReturnsMatches_OrderedByKickoffTime [15 ms]
  Passed FootballPrediction.UnitTests.Repositories.MatchRepositoryTests.GetByIdAsync_ReturnsCorrectMatch [3 ms]
  Passed FootballPrediction.UnitTests.Repositories.MatchRepositoryTests.ExistsAsync_ReturnsTrue_WhenMatchExists [2 ms]
  Passed FootballPrediction.UnitTests.Repositories.PredictionRepositoryTests.GetByUserIdAsync_ReturnsUserPredictions_OrderedByKickoffTimeDescending [76 ms]
  Passed FootballPrediction.UnitTests.Repositories.PredictionRepositoryTests.GetByIdAsync_ReturnsNull_WhenNotFound [40 ms]
  Passed FootballPrediction.UnitTests.Repositories.PredictionRepositoryTests.GetByIdAsync_ReturnsPrediction_WithMatchAndUser [2 ms]
  Passed FootballPrediction.UnitTests.Repositories.PredictionRepositoryTests.UpdateAsync_UpdatesPrediction_AndSetsUpdatedAt [131 ms]
[xUnit.net 00:00:01.98]   Finished:    FootballPrediction.UnitTests
  Passed FootballPrediction.UnitTests.Repositories.PredictionRepositoryTests.GetByUserAndMatchAsync_ReturnsNull_WhenNotFound [43 ms]
  Passed FootballPrediction.UnitTests.Repositories.PredictionRepositoryTests.GetByMatchIdAsync_ReturnsAllPredictionsForMatch [17 ms]
  Passed FootballPrediction.UnitTests.Repositories.PredictionRepositoryTests.GetByUserAndMatchAsync_ReturnsPrediction_WhenExists [7 ms]
  Passed FootballPrediction.UnitTests.Repositories.PredictionRepositoryTests.CreateAsync_AddsNewPrediction [5 ms]

Test Run Successful.
Total tests: 70
     Passed: 70
  Passed FootballPrediction.IntegrationTests.UnitTest1.Test1 [5 ms]
 Total time: 2,8230 Seconds

Test Run Successful.
Total tests: 1
     Passed: 1
 Total time: 1,6300 Seconds
     6>Done Building Project "C:\Projects\football-prediction-pwa\backend\tests\FootballPrediction.UnitTests\FootballPrediction.UnitTests.csproj" (VSTest target(s)).
     7>Done Building Project "C:\Projects\football-prediction-pwa\backend\tests\FootballPrediction.IntegrationTests\FootballPrediction.IntegrationTests.csproj" (VSTest target(s)).
     1>Done Building Project "C:\Projects\football-prediction-pwa\backend\FootballPrediction.sln" (VSTest target(s)).

Build succeeded.
    0 Warning(s)
    0 Error(s)

Time Elapsed 00:00:06.24
